19:59:22 **** Build of project standalone_bsp_0 ****
make -k all 
libgen -hw ../system_hw_platform/system.xml\
	       -lp C:/tmp/cpre488mp2/sw_pipeline/system_bsp/ps7_cortexa9_0\
	       -pe ps7_cortexa9_0 \
	       -log libgen.log \
	       system.mss
libgen
Xilinx EDK 14.7 Build EDK_P.20131013
Copyright (c) 1995-2012 Xilinx, Inc.  All rights reserved.

Command Line: libgen -hw ../system_hw_platform/system.xml -lp
C:/tmp/cpre488mp2/sw_pipeline/system_bsp/ps7_cortexa9_0 -pe ps7_cortexa9_0 -log
libgen.log system.mss 


Staging source files.
Running DRCs.
Running generate.
Running post_generate.
Running include - 'make -s include "COMPILER=arm-xilinx-eabi-gcc"
"ARCHIVER=arm-xilinx-eabi-ar" "COMPILER_FLAGS= -O2 -c"
"EXTRA_COMPILER_FLAGS=-g"'.

Running libs - 'make -s libs "COMPILER=arm-xilinx-eabi-gcc"
"ARCHIVER=arm-xilinx-eabi-ar" "COMPILER_FLAGS= -O2 -c"
"EXTRA_COMPILER_FLAGS=-g"'.
"Compiling common"
arm-xilinx-eabi-ar: creating ../../../lib/libxil.a
"Compiling standalone"
"Compiling axivdma"
"Compiling gpio"
"Compiling iic"
"Compiling devcfg"
"Compiling dmaps"
"Compiling emacps"
"Compiling gpiops"
"Compiling qspips"
"Compiling scugic"
"Compiling scutimer"
"Compiling scuwdt"
"Compiling ttcps"
"Compiling uartps"
"Compiling usbps"
"Compiling xadcps"
"Compiling scaler"
"Compiling video timing controller"
"Compiling cpu_cortexa9"
Running execs_generate.
'Finished building libraries'
20:00:16 **** Clean-only build of project standalone_bsp_0 ****
make -k clean 
rm -rf ps7_cortexa9_0
20:00:16 **** Build of project standalone_bsp_0 ****
make -k all 
libgen -hw ../system_hw_platform/system.xml\
	       -lp ../../repository -lp C:/tmp/MP-2/repository/ProcessorIPLib -lp C:/tmp/cpre488mp2/sw_pipeline/system_bsp/ps7_cortexa9_0\
	       -pe ps7_cortexa9_0 \
	       -log libgen.log \
	       system.mss
libgen
Xilinx EDK 14.7 Build EDK_P.20131013
Copyright (c) 1995-2012 Xilinx, Inc.  All rights reserved.

Command Line: libgen -hw ../system_hw_platform/system.xml -lp ../../repository
-lp C:/tmp/MP-2/repository/ProcessorIPLib -lp
C:/tmp/cpre488mp2/sw_pipeline/system_bsp/ps7_cortexa9_0 -pe ps7_cortexa9_0 -log
libgen.log system.mss 


Staging source files.
Running DRCs.
Running generate.
Running post_generate.
Running include - 'make -s include "COMPILER=arm-xilinx-eabi-gcc"
"ARCHIVER=arm-xilinx-eabi-ar" "COMPILER_FLAGS= -O2 -c"
"EXTRA_COMPILER_FLAGS=-g"'.

Running libs - 'make -s libs "COMPILER=arm-xilinx-eabi-gcc"
"ARCHIVER=arm-xilinx-eabi-ar" "COMPILER_FLAGS= -O2 -c"
"EXTRA_COMPILER_FLAGS=-g"'.
"Compiling common"
arm-xilinx-eabi-ar: creating ../../../lib/libxil.a
"Compiling standalone"
"Compiling axivdma"
"Compiling gpio"
"Compiling iic"
"Compiling devcfg"
"Compiling dmaps"
"Compiling emacps"
"Compiling gpiops"
"Compiling qspips"
"Compiling scugic"
"Compiling scutimer"
"Compiling scuwdt"
"Compiling ttcps"
"Compiling uartps"
"Compiling usbps"
"Compiling xadcps"
"Compiling scaler"
"Compiling video timing controller"
"Compiling cpu_cortexa9"
Running execs_generate.
'Finished building libraries'
20:01:01 **** Clean-only build of project standalone_bsp_0 ****
make -k clean 
rm -rf ps7_cortexa9_0
20:01:02 **** Build of project standalone_bsp_0 ****
make -k all 
libgen -hw ../system_hw_platform/system.xml\
	       -lp ../../repository -lp C:/tmp/MP-2/repository/ProcessorIPLib -lp C:/tmp/cpre488mp2/sw_pipeline/system_bsp/ps7_cortexa9_0\
	       -pe ps7_cortexa9_0 \
	       -log libgen.log \
	       system.mss
libgen
Xilinx EDK 14.7 Build EDK_P.20131013
Copyright (c) 1995-2012 Xilinx, Inc.  All rights reserved.

Command Line: libgen -hw ../system_hw_platform/system.xml -lp ../../repository
-lp C:/tmp/MP-2/repository/ProcessorIPLib -lp
C:/tmp/cpre488mp2/sw_pipeline/system_bsp/ps7_cortexa9_0 -pe ps7_cortexa9_0 -log
libgen.log system.mss 


Staging source files.
Running DRCs.
Running generate.
Running post_generate.
Running include - 'make -s include "COMPILER=arm-xilinx-eabi-gcc"
"ARCHIVER=arm-xilinx-eabi-ar" "COMPILER_FLAGS= -O2 -c"
"EXTRA_COMPILER_FLAGS=-g"'.

Running libs - 'make -s libs "COMPILER=arm-xilinx-eabi-gcc"
"ARCHIVER=arm-xilinx-eabi-ar" "COMPILER_FLAGS= -O2 -c"
"EXTRA_COMPILER_FLAGS=-g"'.
"Compiling common"
arm-xilinx-eabi-ar: creating ../../../lib/libxil.a
"Compiling standalone"
"Compiling fmc_iic_sw"
"Compiling fmc_imageon_sw"
"Compiling fmc_ipmi_sw"
"Compiling axivdma"
"Compiling gpio"
"Compiling iic"
"Compiling devcfg"
"Compiling dmaps"
"Compiling emacps"
"Compiling gpiops"
"Compiling qspips"
"Compiling scugic"
"Compiling scutimer"
"Compiling scuwdt"
"Compiling ttcps"
"Compiling uartps"
"Compiling usbps"
"Compiling xadcps"
"Compiling scaler"
"Compiling video timing controller"
"Compiling cpu_cortexa9"
Running execs_generate.
'Finished building libraries'
20:01:23 **** Build of project camera_split_app_bsp ****
make -k all 
libgen -hw ../system_hw_platform/system.xml\
	       -lp ../../repository -lp C:/tmp/MP-2/repository/ProcessorIPLib -lp C:/tmp/cpre488mp2/sw_pipeline/system_bsp/ps7_cortexa9_0\
	       -pe ps7_cortexa9_0 \
	       -log libgen.log \
	       system.mss
libgen
Xilinx EDK 14.7 Build EDK_P.20131013
Copyright (c) 1995-2012 Xilinx, Inc.  All rights reserved.

Command Line: libgen -hw ../system_hw_platform/system.xml -lp ../../repository
-lp C:/tmp/MP-2/repository/ProcessorIPLib -lp
C:/tmp/cpre488mp2/sw_pipeline/system_bsp/ps7_cortexa9_0 -pe ps7_cortexa9_0 -log
libgen.log system.mss 


Staging source files.
Running DRCs.
Running generate.
Running post_generate.
Running include - 'make -s include "COMPILER=arm-xilinx-eabi-gcc"
"ARCHIVER=arm-xilinx-eabi-ar" "COMPILER_FLAGS= -O2 -c"
"EXTRA_COMPILER_FLAGS=-g"'.

Running libs - 'make -s libs "COMPILER=arm-xilinx-eabi-gcc"
"ARCHIVER=arm-xilinx-eabi-ar" "COMPILER_FLAGS= -O2 -c"
"EXTRA_COMPILER_FLAGS=-g"'.
"Compiling common"
arm-xilinx-eabi-ar: creating ../../../lib/libxil.a
"Compiling standalone"
"Compiling axivdma"
"Compiling gpio"
"Compiling iic"
"Compiling devcfg"
"Compiling dmaps"
"Compiling emacps"
"Compiling gpiops"
"Compiling qspips"
"Compiling scugic"
"Compiling scutimer"
"Compiling scuwdt"
"Compiling ttcps"
"Compiling uartps"
"Compiling usbps"
"Compiling xadcps"
"Compiling scaler"
"Compiling video timing controller"
"Compiling cpu_cortexa9"
Running execs_generate.
'Finished building libraries'
20:01:41 **** Build of configuration Debug for project camera_split_app ****
make all 
'Building file: ../src/helloworld.c'
'Invoking: ARM gcc compiler'
arm-xilinx-eabi-gcc -Wall -O0 -g3 -c -fmessage-length=0 -I../../camera_split_app_bsp/ps7_cortexa9_0/include -MMD -MP -MF"src/helloworld.d" -MT"src/helloworld.d" -o "src/helloworld.o" "../src/helloworld.c"
'Finished building: ../src/helloworld.c'
' '
'Building file: ../src/platform.c'
'Invoking: ARM gcc compiler'
arm-xilinx-eabi-gcc -Wall -O0 -g3 -c -fmessage-length=0 -I../../camera_split_app_bsp/ps7_cortexa9_0/include -MMD -MP -MF"src/platform.d" -MT"src/platform.d" -o "src/platform.o" "../src/platform.c"
'Finished building: ../src/platform.c'
' '
'Building target: camera_split_app.elf'
'Invoking: ARM gcc linker'
arm-xilinx-eabi-gcc -Wl,-T -Wl,../src/lscript.ld -L../../camera_split_app_bsp/ps7_cortexa9_0/lib -o "camera_split_app.elf"  ./src/helloworld.o ./src/platform.o   -Wl,--start-group,-lxil,-lgcc,-lc,--end-group
'Finished building target: camera_split_app.elf'
' '
'Invoking: ARM Print Size'
arm-xilinx-eabi-size camera_split_app.elf  |tee "camera_split_app.elf.size"
   text	   data	    bss	    dec	    hex	filename
  22872	   1096	  29780	  53748	   d1f4	camera_split_app.elf
'Finished building: camera_split_app.elf.size'
' '
20:01:45 **** Clean-only build of configuration Debug for project camera_split_app ****
make clean 
rm -rf  ./src/helloworld.o ./src/platform.o  ./src/helloworld.d ./src/platform.d  camera_split_app.elf.size  camera_split_app.elf
' '
20:01:45 **** Auto Build of configuration Debug for project camera_split_app ****
make all 
'Building file: ../src/helloworld.c'
'Invoking: ARM gcc compiler'
arm-xilinx-eabi-gcc -Wall -O0 -g3 -c -fmessage-length=0 -I../../standalone_bsp_0/ps7_cortexa9_0/include -MMD -MP -MF"src/helloworld.d" -MT"src/helloworld.d" -o "src/helloworld.o" "../src/helloworld.c"
'Finished building: ../src/helloworld.c'
' '
'Building file: ../src/platform.c'
'Invoking: ARM gcc compiler'
arm-xilinx-eabi-gcc -Wall -O0 -g3 -c -fmessage-length=0 -I../../standalone_bsp_0/ps7_cortexa9_0/include -MMD -MP -MF"src/platform.d" -MT"src/platform.d" -o "src/platform.o" "../src/platform.c"
'Finished building: ../src/platform.c'
' '
'Building target: camera_split_app.elf'
'Invoking: ARM gcc linker'
arm-xilinx-eabi-gcc -Wl,-T -Wl,../src/lscript.ld -L../../standalone_bsp_0/ps7_cortexa9_0/lib -o "camera_split_app.elf"  ./src/helloworld.o ./src/platform.o   -Wl,--start-group,-lxil,-lgcc,-lc,--end-group
'Finished building target: camera_split_app.elf'
' '
'Invoking: ARM Print Size'
arm-xilinx-eabi-size camera_split_app.elf  |tee "camera_split_app.elf.size"
   text	   data	    bss	    dec	    hex	filename
  22872	   1096	  29780	  53748	   d1f4	camera_split_app.elf
'Finished building: camera_split_app.elf.size'
' '
20:14:48 **** Build of project hdmi_splitter_bsp ****
make -k all 
libgen -hw ../system_hw_platform/system.xml\
	       -lp ../../repository -lp C:/tmp/MP-2/repository/ProcessorIPLib -lp C:/tmp/cpre488mp2/sw_pipeline/system_bsp/ps7_cortexa9_0\
	       -pe ps7_cortexa9_0 \
	       -log libgen.log \
	       system.mss
libgen
Xilinx EDK 14.7 Build EDK_P.20131013
Copyright (c) 1995-2012 Xilinx, Inc.  All rights reserved.

Command Line: libgen -hw ../system_hw_platform/system.xml -lp ../../repository
-lp C:/tmp/MP-2/repository/ProcessorIPLib -lp
C:/tmp/cpre488mp2/sw_pipeline/system_bsp/ps7_cortexa9_0 -pe ps7_cortexa9_0 -log
libgen.log system.mss 

ERROR:EDK:410 - iic - C:\tmp\MP-2\sw\hdmi_splitter_bsp\system.mss line 21 - No
   IP instance named axi_iic_0 is present in the hardware!
ERROR:EDK:410 - axivdma - C:\tmp\MP-2\sw\hdmi_splitter_bsp\system.mss line 33 -
   No IP instance named axi_vdma_fmc_out is present in the hardware!
ERROR:EDK:410 - axivdma - C:\tmp\MP-2\sw\hdmi_splitter_bsp\system.mss line 39 -
   No IP instance named axi_vdma_in is present in the hardware!
ERROR:EDK:410 - axivdma - C:\tmp\MP-2\sw\hdmi_splitter_bsp\system.mss line 45 -
   No IP instance named axi_vdma_zed_out is present in the hardware!
ERROR:EDK:410 - generic - C:\tmp\MP-2\sw\hdmi_splitter_bsp\system.mss line 63 -
   No IP instance named fmc_imageon_vita_receiver_0 is present in the hardware!
ERROR:EDK:410 - scaler - C:\tmp\MP-2\sw\hdmi_splitter_bsp\system.mss line 273 -
   No IP instance named v_scaler_fmc is present in the hardware!
ERROR:EDK:410 - scaler - C:\tmp\MP-2\sw\hdmi_splitter_bsp\system.mss line 279 -
   No IP instance named v_scaler_zed is present in the hardware!
ERROR:EDK:1206 - Errors occured while parsing MSS file.
make: *** [ps7_cortexa9_0/lib/libxil.a] Error 2
make: Target `all' not remade because of errors.
20:14:49 **** Clean-only build of configuration Debug for project hdmi_splitter ****
make clean 
rm -rf  ./src/main.o ./src/platform.o  ./src/main.d ./src/platform.d  hdmi_splitter.elf.size  hdmi_splitter.elf
' '
20:14:50 **** Build of configuration Debug for project hdmi_splitter ****
make all 
'Building file: ../src/main.c'
'Invoking: ARM gcc compiler'
arm-xilinx-eabi-gcc -Wall -O0 -g3 -c -fmessage-length=0 -I../../hdmi_splitter_bsp/ps7_cortexa9_0/include -MMD -MP -MF"src/main.d" -MT"src/main.d" -o "src/main.o" "../src/main.c"
'Finished building: ../src/main.c'
' '
'Building file: ../src/platform.c'
'Invoking: ARM gcc compiler'
arm-xilinx-eabi-gcc -Wall -O0 -g3 -c -fmessage-length=0 -I../../hdmi_splitter_bsp/ps7_cortexa9_0/include -MMD -MP -MF"src/platform.d" -MT"src/platform.d" -o "src/platform.o" "../src/platform.c"
../src/platform.c:42:25: fatal error: xparameters.h: No such file or directory
compilation terminated.
make: *** [src/platform.o] Error 1
20:14:50 **** Clean-only build of configuration Debug for project camera_app ****
make clean 
rm -rf  ./src/camera_app.o ./src/fmc_imageon_utils.o ./src/video_detector.o ./src/video_frame_buffer.o ./src/video_generator.o ./src/video_resolution.o ./src/xtpg_app.o  ./src/camera_app.d ./src/fmc_imageon_utils.d ./src/video_detector.d ./src/video_frame_buffer.d ./src/video_generator.d ./src/video_resolution.d ./src/xtpg_app.d  camera_app.elf.size  camera_app.elf
' '
20:14:50 **** Build of configuration Debug for project camera_app ****
make all 
'Building file: ../src/camera_app.c'
'Invoking: ARM gcc compiler'
arm-xilinx-eabi-gcc -Wall -O0 -g3 -c -fmessage-length=0 -I../../hdmi_splitter_bsp/ps7_cortexa9_0/include -MMD -MP -MF"src/camera_app.d" -MT"src/camera_app.d" -o "src/camera_app.o" "../src/camera_app.c"
In file included from ../src/camera_app.c:19:0:
../src/camera_app.h:22:25: fatal error: xparameters.h: No such file or directory
compilation terminated.
make: *** [src/camera_app.o] Error 1
20:15:09 **** Auto Build of configuration Debug for project camera_app ****
make all 
'Building file: ../src/camera_app.c'
'Invoking: ARM gcc compiler'
arm-xilinx-eabi-gcc -Wall -O0 -g3 -c -fmessage-length=0 -I../../hdmi_splitter_bsp/ps7_cortexa9_0/include -MMD -MP -MF"src/camera_app.d" -MT"src/camera_app.d" -o "src/camera_app.o" "../src/camera_app.c"
In file included from ../src/camera_app.c:19:0:
../src/camera_app.h:22:25: fatal error: xparameters.h: No such file or directory
compilation terminated.
make: *** [src/camera_app.o] Error 1
20:15:09 **** Auto Build of configuration Debug for project hdmi_splitter ****
make all 
'Building file: ../src/platform.c'
'Invoking: ARM gcc compiler'
arm-xilinx-eabi-gcc -Wall -O0 -g3 -c -fmessage-length=0 -I../../hdmi_splitter_bsp/ps7_cortexa9_0/include -MMD -MP -MF"src/platform.d" -MT"src/platform.d" -o "src/platform.o" "../src/platform.c"
../src/platform.c:42:25: fatal error: xparameters.h: No such file or directory
compilation terminated.
make: *** [src/platform.o] Error 1
20:15:13 **** Clean-only build of configuration Debug for project hdmi_splitter ****
make clean 
rm -rf  ./src/main.o ./src/platform.o  ./src/main.d ./src/platform.d  hdmi_splitter.elf.size  hdmi_splitter.elf
' '
20:15:13 **** Auto Build of configuration Debug for project hdmi_splitter ****
make all 
'Building file: ../src/main.c'
'Invoking: ARM gcc compiler'
arm-xilinx-eabi-gcc -Wall -O0 -g3 -c -fmessage-length=0 -IC:/tmp/MP-2/sw_thing/standalone_bsp_0/ps7_cortexa9_0/include -MMD -MP -MF"src/main.d" -MT"src/main.d" -o "src/main.o" "../src/main.c"
'Finished building: ../src/main.c'
' '
'Building file: ../src/platform.c'
'Invoking: ARM gcc compiler'
arm-xilinx-eabi-gcc -Wall -O0 -g3 -c -fmessage-length=0 -IC:/tmp/MP-2/sw_thing/standalone_bsp_0/ps7_cortexa9_0/include -MMD -MP -MF"src/platform.d" -MT"src/platform.d" -o "src/platform.o" "../src/platform.c"
'Finished building: ../src/platform.c'
' '
'Building target: hdmi_splitter.elf'
'Invoking: ARM gcc linker'
arm-xilinx-eabi-gcc -Wl,-T -Wl,../src/lscript.ld -LC:/tmp/MP-2/sw_thing/standalone_bsp_0/ps7_cortexa9_0/lib -o "hdmi_splitter.elf"  ./src/main.o ./src/platform.o   -Wl,--start-group,-lxil,-lgcc,-lc,--end-group
'Finished building target: hdmi_splitter.elf'
' '
'Invoking: ARM Print Size'
arm-xilinx-eabi-size hdmi_splitter.elf  |tee "hdmi_splitter.elf.size"
   text	   data	    bss	    dec	    hex	filename
  22872	   1096	  29780	  53748	   d1f4	hdmi_splitter.elf
'Finished building: hdmi_splitter.elf.size'
' '
20:16:39 **** Auto Build of configuration Debug for project camera_app ****
make all 
'Building file: ../src/camera_app.c'
'Invoking: ARM gcc compiler'
arm-xilinx-eabi-gcc -Wall -O0 -g3 -c -fmessage-length=0 -I../../hdmi_splitter_bsp/ps7_cortexa9_0/include -MMD -MP -MF"src/camera_app.d" -MT"src/camera_app.d" -o "src/camera_app.o" "../src/camera_app.c"
In file included from ../src/camera_app.c:19:0:
../src/camera_app.h:22:25: fatal error: xparameters.h: No such file or directory
compilation terminated.
make: *** [src/camera_app.o] Error 1
20:19:10 **** Auto Build of configuration Debug for project camera_app ****
make all 
'Building file: ../src/camera_app.c'
'Invoking: ARM gcc compiler'
arm-xilinx-eabi-gcc -Wall -O0 -g3 -c -fmessage-length=0 -I../../hdmi_splitter_bsp/ps7_cortexa9_0/include -MMD -MP -MF"src/camera_app.d" -MT"src/camera_app.d" -o "src/camera_app.o" "../src/camera_app.c"
In file included from ../src/camera_app.c:19:0:
../src/camera_app.h:22:25: fatal error: xparameters.h: No such file or directory
compilation terminated.
make: *** [src/camera_app.o] Error 1
20:19:30 **** Auto Build of configuration Debug for project camera_app ****
make all 
'Building file: ../src/camera_app.c'
'Invoking: ARM gcc compiler'
arm-xilinx-eabi-gcc -Wall -O0 -g3 -c -fmessage-length=0 -I../../hdmi_splitter_bsp/ps7_cortexa9_0/include -MMD -MP -MF"src/camera_app.d" -MT"src/camera_app.d" -o "src/camera_app.o" "../src/camera_app.c"
In file included from ../src/camera_app.c:19:0:
../src/camera_app.h:22:25: fatal error: xparameters.h: No such file or directory
compilation terminated.
make: *** [src/camera_app.o] Error 1
20:23:04 **** Auto Build of project standalone_bsp_0 ****
make -k all 
'Finished building libraries'
20:23:08 **** Clean-only build of project standalone_bsp_0 ****
make -k clean 
rm -rf ps7_cortexa9_0
20:23:08 **** Clean-only build of configuration Debug for project camera_split_app ****
make clean 
rm -rf  ./src/helloworld.o ./src/platform.o  ./src/helloworld.d ./src/platform.d  camera_split_app.elf.size  camera_split_app.elf
' '
20:23:08 **** Build of project standalone_bsp_0 ****
make -k all 
libgen -hw ../system_hw_platform/system.xml\
	       -lp ../../repository -lp C:/tmp/MP-2/repository/ProcessorIPLib -lp C:/tmp/cpre488mp2/sw_pipeline/system_bsp/ps7_cortexa9_0\
	       -pe ps7_cortexa9_0 \
	       -log libgen.log \
	       system.mss
libgen
Xilinx EDK 14.7 Build EDK_P.20131013
Copyright (c) 1995-2012 Xilinx, Inc.  All rights reserved.

Command Line: libgen -hw ../system_hw_platform/system.xml -lp ../../repository
-lp C:/tmp/MP-2/repository/ProcessorIPLib -lp
C:/tmp/cpre488mp2/sw_pipeline/system_bsp/ps7_cortexa9_0 -pe ps7_cortexa9_0 -log
libgen.log system.mss 


Staging source files.
Running DRCs.
Running generate.
Running post_generate.
Running include - 'make -s include "COMPILER=arm-xilinx-eabi-gcc"
"ARCHIVER=arm-xilinx-eabi-ar" "COMPILER_FLAGS= -O2 -c"
"EXTRA_COMPILER_FLAGS=-g"'.

Running libs - 'make -s libs "COMPILER=arm-xilinx-eabi-gcc"
"ARCHIVER=arm-xilinx-eabi-ar" "COMPILER_FLAGS= -O2 -c"
"EXTRA_COMPILER_FLAGS=-g"'.
"Compiling common"
arm-xilinx-eabi-ar: creating ../../../lib/libxil.a
"Compiling standalone"
"Compiling fmc_iic_sw"
"Compiling fmc_imageon_sw"
"Compiling fmc_ipmi_sw"
"Compiling axivdma"
"Compiling gpio"
"Compiling iic"
"Compiling devcfg"
"Compiling dmaps"
"Compiling emacps"
"Compiling gpiops"
"Compiling qspips"
"Compiling scugic"
"Compiling scutimer"
"Compiling scuwdt"
"Compiling ttcps"
"Compiling uartps"
"Compiling usbps"
"Compiling xadcps"
"Compiling scaler"
"Compiling video timing controller"
"Compiling cpu_cortexa9"
Running execs_generate.
'Finished building libraries'
20:23:28 **** Build of configuration Debug for project camera_split_app ****
make all 
'Building file: ../src/helloworld.c'
'Invoking: ARM gcc compiler'
arm-xilinx-eabi-gcc -Wall -O0 -g3 -c -fmessage-length=0 -I../../standalone_bsp_0/ps7_cortexa9_0/include -MMD -MP -MF"src/helloworld.d" -MT"src/helloworld.d" -o "src/helloworld.o" "../src/helloworld.c"
'Finished building: ../src/helloworld.c'
' '
'Building file: ../src/platform.c'
'Invoking: ARM gcc compiler'
arm-xilinx-eabi-gcc -Wall -O0 -g3 -c -fmessage-length=0 -I../../standalone_bsp_0/ps7_cortexa9_0/include -MMD -MP -MF"src/platform.d" -MT"src/platform.d" -o "src/platform.o" "../src/platform.c"
'Finished building: ../src/platform.c'
' '
'Building target: camera_split_app.elf'
'Invoking: ARM gcc linker'
arm-xilinx-eabi-gcc -Wl,-T -Wl,../src/lscript.ld -L../../standalone_bsp_0/ps7_cortexa9_0/lib -o "camera_split_app.elf"  ./src/helloworld.o ./src/platform.o   -Wl,--start-group,-lxil,-lgcc,-lc,--end-group
'Finished building target: camera_split_app.elf'
' '
'Invoking: ARM Print Size'
arm-xilinx-eabi-size camera_split_app.elf  |tee "camera_split_app.elf.size"
   text	   data	    bss	    dec	    hex	filename
  22872	   1096	  29780	  53748	   d1f4	camera_split_app.elf
'Finished building: camera_split_app.elf.size'
' '
20:32:37 **** Clean-only build of configuration Debug for project camera_split_app ****
make clean 
rm -rf  ./src/helloworld.o ./src/platform.o  ./src/helloworld.d ./src/platform.d  camera_split_app.elf.size  camera_split_app.elf
' '
20:32:38 **** Auto Build of configuration Debug for project camera_split_app ****
make all 
'Building file: ../src/helloworld.c'
'Invoking: ARM gcc compiler'
arm-xilinx-eabi-gcc -Wall -O0 -g3 -c -fmessage-length=0 -I../../standalone_bsp_0/ps7_cortexa9_0/include -MMD -MP -MF"src/helloworld.d" -MT"src/helloworld.d" -o "src/helloworld.o" "../src/helloworld.c"
'Finished building: ../src/helloworld.c'
' '
'Building file: ../src/platform.c'
'Invoking: ARM gcc compiler'
arm-xilinx-eabi-gcc -Wall -O0 -g3 -c -fmessage-length=0 -I../../standalone_bsp_0/ps7_cortexa9_0/include -MMD -MP -MF"src/platform.d" -MT"src/platform.d" -o "src/platform.o" "../src/platform.c"
'Finished building: ../src/platform.c'
' '
'Building target: camera_split_app.elf'
'Invoking: ARM gcc linker'
arm-xilinx-eabi-gcc -Wl,-T -Wl,../src/lscript.ld -L../../standalone_bsp_0/ps7_cortexa9_0/lib -o "camera_split_app.elf"  ./src/helloworld.o ./src/platform.o   -Wl,--start-group,-lxil,-lgcc,-lc,--end-group
'Finished building target: camera_split_app.elf'
' '
'Invoking: ARM Print Size'
arm-xilinx-eabi-size camera_split_app.elf  |tee "camera_split_app.elf.size"
   text	   data	    bss	    dec	    hex	filename
  22872	   1096	  29780	  53748	   d1f4	camera_split_app.elf
'Finished building: camera_split_app.elf.size'
' '
20:33:43 **** Auto Build of configuration Debug for project camera_split_app ****
make all 
make: Nothing to be done for `all'.
20:33:49 **** Clean-only build of configuration Debug for project camera_split_app ****
make clean 
rm -rf  ./src/camera_app.o ./src/fmc_imageon_utils.o ./src/helloworld.o ./src/platform.o ./src/video_detector.o ./src/video_frame_buffer.o ./src/video_generator.o ./src/video_resolution.o ./src/xtpg_app.o  ./src/camera_app.d ./src/fmc_imageon_utils.d ./src/helloworld.d ./src/platform.d ./src/video_detector.d ./src/video_frame_buffer.d ./src/video_generator.d ./src/video_resolution.d ./src/xtpg_app.d  camera_split_app.elf.size  camera_split_app.elf
' '
20:33:49 **** Clean-only build of project standalone_bsp_0 ****
make -k clean 
rm -rf ps7_cortexa9_0
20:33:50 **** Build of project standalone_bsp_0 ****
make -k all 
libgen -hw ../system_hw_platform/system.xml\
	       -lp ../../repository -lp C:/tmp/MP-2/repository/ProcessorIPLib -lp C:/tmp/cpre488mp2/sw_pipeline/system_bsp/ps7_cortexa9_0\
	       -pe ps7_cortexa9_0 \
	       -log libgen.log \
	       system.mss
libgen
Xilinx EDK 14.7 Build EDK_P.20131013
Copyright (c) 1995-2012 Xilinx, Inc.  All rights reserved.

Command Line: libgen -hw ../system_hw_platform/system.xml -lp ../../repository
-lp C:/tmp/MP-2/repository/ProcessorIPLib -lp
C:/tmp/cpre488mp2/sw_pipeline/system_bsp/ps7_cortexa9_0 -pe ps7_cortexa9_0 -log
libgen.log system.mss 


Staging source files.
Running DRCs.
Running generate.
Running post_generate.
Running include - 'make -s include "COMPILER=arm-xilinx-eabi-gcc"
"ARCHIVER=arm-xilinx-eabi-ar" "COMPILER_FLAGS= -O2 -c"
"EXTRA_COMPILER_FLAGS=-g"'.

Running libs - 'make -s libs "COMPILER=arm-xilinx-eabi-gcc"
"ARCHIVER=arm-xilinx-eabi-ar" "COMPILER_FLAGS= -O2 -c"
"EXTRA_COMPILER_FLAGS=-g"'.
"Compiling common"
arm-xilinx-eabi-ar: creating ../../../lib/libxil.a
"Compiling standalone"
"Compiling fmc_iic_sw"
"Compiling fmc_imageon_sw"
"Compiling fmc_ipmi_sw"
"Compiling axivdma"
"Compiling gpio"
"Compiling iic"
"Compiling devcfg"
"Compiling dmaps"
"Compiling emacps"
"Compiling gpiops"
"Compiling qspips"
"Compiling scugic"
"Compiling scutimer"
"Compiling scuwdt"
"Compiling ttcps"
"Compiling uartps"
"Compiling usbps"
"Compiling xadcps"
"Compiling scaler"
"Compiling video timing controller"
"Compiling cpu_cortexa9"
Running execs_generate.
'Finished building libraries'
20:34:09 **** Build of configuration Debug for project camera_split_app ****
make all 
'Building file: ../src/camera_app.c'
'Invoking: ARM gcc compiler'
arm-xilinx-eabi-gcc -Wall -O0 -g3 -c -fmessage-length=0 -I../../standalone_bsp_0/ps7_cortexa9_0/include -MMD -MP -MF"src/camera_app.d" -MT"src/camera_app.d" -o "src/camera_app.o" "../src/camera_app.c"
../src/camera_app.c: In function 'main':
../src/camera_app.c:30:2: warning: implicit declaration of function 'scaler_init' [-Wimplicit-function-declaration]
../src/camera_app.c: At top level:
../src/camera_app.c:38:6: warning: conflicting types for 'scaler_init' [enabled by default]
../src/camera_app.c:30:2: note: previous implicit declaration of 'scaler_init' was here
../src/camera_app.c: In function 'scaler_init':
../src/camera_app.c:41:2: warning: implicit declaration of function 'enable_sw_scaler' [-Wimplicit-function-declaration]
../src/camera_app.c:42:2: warning: implicit declaration of function 'set_output_size' [-Wimplicit-function-declaration]
../src/camera_app.c:43:2: warning: implicit declaration of function 'set_input_size' [-Wimplicit-function-declaration]
../src/camera_app.c:44:2: warning: implicit declaration of function 'set_aperature' [-Wimplicit-function-declaration]
../src/camera_app.c:45:2: warning: implicit declaration of function 'set_scale_factor' [-Wimplicit-function-declaration]
'Finished building: ../src/camera_app.c'
' '
'Building file: ../src/fmc_imageon_utils.c'
'Invoking: ARM gcc compiler'
arm-xilinx-eabi-gcc -Wall -O0 -g3 -c -fmessage-length=0 -I../../standalone_bsp_0/ps7_cortexa9_0/include -MMD -MP -MF"src/fmc_imageon_utils.d" -MT"src/fmc_imageon_utils.d" -o "src/fmc_imageon_utils.o" "../src/fmc_imageon_utils.c"
../src/fmc_imageon_utils.c: In function 'fmc_imageon_enable_vita':
../src/fmc_imageon_utils.c:242:8: warning: unused variable 'ret' [-Wunused-variable]
'Finished building: ../src/fmc_imageon_utils.c'
' '
'Building file: ../src/helloworld.c'
'Invoking: ARM gcc compiler'
arm-xilinx-eabi-gcc -Wall -O0 -g3 -c -fmessage-length=0 -I../../standalone_bsp_0/ps7_cortexa9_0/include -MMD -MP -MF"src/helloworld.d" -MT"src/helloworld.d" -o "src/helloworld.o" "../src/helloworld.c"
'Finished building: ../src/helloworld.c'
' '
'Building file: ../src/platform.c'
'Invoking: ARM gcc compiler'
arm-xilinx-eabi-gcc -Wall -O0 -g3 -c -fmessage-length=0 -I../../standalone_bsp_0/ps7_cortexa9_0/include -MMD -MP -MF"src/platform.d" -MT"src/platform.d" -o "src/platform.o" "../src/platform.c"
'Finished building: ../src/platform.c'
' '
'Building file: ../src/video_detector.c'
'Invoking: ARM gcc compiler'
arm-xilinx-eabi-gcc -Wall -O0 -g3 -c -fmessage-length=0 -I../../standalone_bsp_0/ps7_cortexa9_0/include -MMD -MP -MF"src/video_detector.d" -MT"src/video_detector.d" -o "src/video_detector.o" "../src/video_detector.c"
../src/video_detector.c: In function 'vdet_init':
../src/video_detector.c:117:6: warning: unused variable 'ResolutionId' [-Wunused-variable]
../src/video_detector.c:116:10: warning: unused variable 'Height' [-Wunused-variable]
../src/video_detector.c:115:10: warning: unused variable 'Width' [-Wunused-variable]
../src/video_detector.c: In function 'vdet_detect':
../src/video_detector.c:168:20: warning: unused variable 'SourceSelect' [-Wunused-variable]
../src/video_detector.c:167:16: warning: unused variable 'Polarity' [-Wunused-variable]
../src/video_detector.c: In function 'vdet_config':
../src/video_detector.c:226:6: warning: unused variable 'Status' [-Wunused-variable]
'Finished building: ../src/video_detector.c'
' '
'Building file: ../src/video_frame_buffer.c'
'Invoking: ARM gcc compiler'
arm-xilinx-eabi-gcc -Wall -O0 -g3 -c -fmessage-length=0 -I../../standalone_bsp_0/ps7_cortexa9_0/include -MMD -MP -MF"src/video_frame_buffer.d" -MT"src/video_frame_buffer.d" -o "src/video_frame_buffer.o" "../src/video_frame_buffer.c"
../src/video_frame_buffer.c: In function 'vfb_rx_init':
../src/video_frame_buffer.c:53:8: warning: unused variable 'uDMACR' [-Wunused-variable]
../src/video_frame_buffer.c:52:8: warning: unused variable 'uBaseAddr' [-Wunused-variable]
../src/video_frame_buffer.c:51:26: warning: unused variable 'FrameCfg' [-Wunused-variable]
../src/video_frame_buffer.c: In function 'vfb_tx_init':
../src/video_frame_buffer.c:78:26: warning: unused variable 'FrameCfg' [-Wunused-variable]
../src/video_frame_buffer.c:110:1: warning: control reaches end of non-void function [-Wreturn-type]
../src/video_frame_buffer.c: In function 'vfb_rx_init':
../src/video_frame_buffer.c:73:1: warning: control reaches end of non-void function [-Wreturn-type]
'Finished building: ../src/video_frame_buffer.c'
' '
'Building file: ../src/video_generator.c'
'Invoking: ARM gcc compiler'
arm-xilinx-eabi-gcc -Wall -O0 -g3 -c -fmessage-length=0 -I../../standalone_bsp_0/ps7_cortexa9_0/include -MMD -MP -MF"src/video_generator.d" -MT"src/video_generator.d" -o "src/video_generator.o" "../src/video_generator.c"
../src/video_generator.c: In function 'vgen_init':
../src/video_generator.c:118:6: warning: unused variable 'ResolutionId' [-Wunused-variable]
../src/video_generator.c:117:10: warning: unused variable 'Height' [-Wunused-variable]
../src/video_generator.c:116:10: warning: unused variable 'Width' [-Wunused-variable]
../src/video_generator.c: In function 'vgen_config':
../src/video_generator.c:166:6: warning: unused variable 'Status' [-Wunused-variable]
'Finished building: ../src/video_generator.c'
' '
'Building file: ../src/video_resolution.c'
'Invoking: ARM gcc compiler'
arm-xilinx-eabi-gcc -Wall -O0 -g3 -c -fmessage-length=0 -I../../standalone_bsp_0/ps7_cortexa9_0/include -MMD -MP -MF"src/video_resolution.d" -MT"src/video_resolution.d" -o "src/video_resolution.o" "../src/video_resolution.c"
'Finished building: ../src/video_resolution.c'
' '
'Building file: ../src/xtpg_app.c'
'Invoking: ARM gcc compiler'
arm-xilinx-eabi-gcc -Wall -O0 -g3 -c -fmessage-length=0 -I../../standalone_bsp_0/ps7_cortexa9_0/include -MMD -MP -MF"src/xtpg_app.d" -MT"src/xtpg_app.d" -o "src/xtpg_app.o" "../src/xtpg_app.c"
../src/xtpg_app.c: In function 'xTPG_main':
../src/xtpg_app.c:39:27: warning: unused variable 'pass' [-Wunused-variable]
../src/xtpg_app.c:39:19: warning: unused variable 'offset' [-Wunused-variable]
../src/xtpg_app.c:39:14: warning: unused variable 'num' [-Wunused-variable]
../src/xtpg_app.c:39:11: warning: unused variable 'j' [-Wunused-variable]
../src/xtpg_app.c:39:8: warning: unused variable 'i' [-Wunused-variable]
../src/xtpg_app.c:38:28: warning: unused variable 'fstore_address' [-Wunused-variable]
../src/xtpg_app.c:38:18: warning: unused variable 'y_offset' [-Wunused-variable]
../src/xtpg_app.c:38:8: warning: unused variable 'x_offset' [-Wunused-variable]
../src/xtpg_app.c:37:29: warning: unused variable 'data_read' [-Wunused-variable]
../src/xtpg_app.c:37:23: warning: unused variable 'mask' [-Wunused-variable]
../src/xtpg_app.c:37:17: warning: unused variable 'data' [-Wunused-variable]
../src/xtpg_app.c:36:38: warning: unused variable 'taddress' [-Wunused-variable]
../src/xtpg_app.c:36:28: warning: unused variable 'address' [-Wunused-variable]
'Finished building: ../src/xtpg_app.c'
' '
'Building target: camera_split_app.elf'
'Invoking: ARM gcc linker'
arm-xilinx-eabi-gcc -Wl,-T -Wl,../src/lscript.ld -L../../standalone_bsp_0/ps7_cortexa9_0/lib -o "camera_split_app.elf"  ./src/camera_app.o ./src/fmc_imageon_utils.o ./src/helloworld.o ./src/platform.o ./src/video_detector.o ./src/video_frame_buffer.o ./src/video_generator.o ./src/video_resolution.o ./src/xtpg_app.o   -Wl,--start-group,-lxil,-lgcc,-lc,--end-group
./src/helloworld.o: In function `main':
C:\tmp\MP-2\sw_thing\camera_split_app\Debug/../src/helloworld.c:41: multiple definition of `main'
./src/camera_app.o:C:\tmp\MP-2\sw_thing\camera_split_app\Debug/../src/camera_app.c:25: first defined here
./src/camera_app.o: In function `scaler_init':
camera_app.c:(.text+0x44): undefined reference to `enable_sw_scaler'
camera_app.c:(.text+0x48): undefined reference to `set_output_size'
camera_app.c:(.text+0x4c): undefined reference to `set_input_size'
camera_app.c:(.text+0x50): undefined reference to `set_aperature'
camera_app.c:(.text+0x54): undefined reference to `set_scale_factor'
collect2.exe: error: ld returned 1 exit status
make: *** [camera_split_app.elf] Error 1
20:34:27 **** Auto Build of configuration Debug for project camera_split_app ****
make all 
'Building file: ../src/helloworld.c'
'Invoking: ARM gcc compiler'
arm-xilinx-eabi-gcc -Wall -O0 -g3 -c -fmessage-length=0 -I../../standalone_bsp_0/ps7_cortexa9_0/include -MMD -MP -MF"src/helloworld.d" -MT"src/helloworld.d" -o "src/helloworld.o" "../src/helloworld.c"
'Finished building: ../src/helloworld.c'
' '
'Building target: camera_split_app.elf'
'Invoking: ARM gcc linker'
arm-xilinx-eabi-gcc -Wl,-T -Wl,../src/lscript.ld -L../../standalone_bsp_0/ps7_cortexa9_0/lib -o "camera_split_app.elf"  ./src/camera_app.o ./src/fmc_imageon_utils.o ./src/helloworld.o ./src/platform.o ./src/video_detector.o ./src/video_frame_buffer.o ./src/video_generator.o ./src/video_resolution.o ./src/xtpg_app.o   -Wl,--start-group,-lxil,-lgcc,-lc,--end-group
./src/camera_app.o: In function `scaler_init':
C:\tmp\MP-2\sw_thing\camera_split_app\Debug/../src/camera_app.c:41: undefined reference to `enable_sw_scaler'
C:\tmp\MP-2\sw_thing\camera_split_app\Debug/../src/camera_app.c:42: undefined reference to `set_output_size'
C:\tmp\MP-2\sw_thing\camera_split_app\Debug/../src/camera_app.c:43: undefined reference to `set_input_size'
C:\tmp\MP-2\sw_thing\camera_split_app\Debug/../src/camera_app.c:44: undefined reference to `set_aperature'
C:\tmp\MP-2\sw_thing\camera_split_app\Debug/../src/camera_app.c:45: undefined reference to `set_scale_factor'
collect2.exe: error: ld returned 1 exit status
make: *** [camera_split_app.elf] Error 1
20:34:40 **** Auto Build of configuration Debug for project camera_split_app ****
make all 
'Building file: ../src/camera_app.c'
'Invoking: ARM gcc compiler'
arm-xilinx-eabi-gcc -Wall -O0 -g3 -c -fmessage-length=0 -I../../standalone_bsp_0/ps7_cortexa9_0/include -MMD -MP -MF"src/camera_app.d" -MT"src/camera_app.d" -o "src/camera_app.o" "../src/camera_app.c"
../src/camera_app.c: In function 'main':
../src/camera_app.c:30:2: warning: implicit declaration of function 'scaler_init' [-Wimplicit-function-declaration]
../src/camera_app.c: At top level:
../src/camera_app.c:38:6: warning: conflicting types for 'scaler_init' [enabled by default]
../src/camera_app.c:30:2: note: previous implicit declaration of 'scaler_init' was here
'Finished building: ../src/camera_app.c'
' '
'Building target: camera_split_app.elf'
'Invoking: ARM gcc linker'
arm-xilinx-eabi-gcc -Wl,-T -Wl,../src/lscript.ld -L../../standalone_bsp_0/ps7_cortexa9_0/lib -o "camera_split_app.elf"  ./src/camera_app.o ./src/fmc_imageon_utils.o ./src/helloworld.o ./src/platform.o ./src/video_detector.o ./src/video_frame_buffer.o ./src/video_generator.o ./src/video_resolution.o ./src/xtpg_app.o   -Wl,--start-group,-lxil,-lgcc,-lc,--end-group
'Finished building target: camera_split_app.elf'
' '
'Invoking: ARM Print Size'
arm-xilinx-eabi-size camera_split_app.elf  |tee "camera_split_app.elf.size"
   text	   data	    bss	    dec	    hex	filename
  76632	   2064	  33024	 111720	  1b468	camera_split_app.elf
'Finished building: camera_split_app.elf.size'
' '
20:39:02 **** Auto Build of configuration Debug for project camera_split_app ****
make all 
'Building file: ../src/camera_app.c'
'Invoking: ARM gcc compiler'
arm-xilinx-eabi-gcc -Wall -O0 -g3 -c -fmessage-length=0 -I../../standalone_bsp_0/ps7_cortexa9_0/include -MMD -MP -MF"src/camera_app.d" -MT"src/camera_app.d" -o "src/camera_app.o" "../src/camera_app.c"
../src/camera_app.c: In function 'main':
../src/camera_app.c:30:2: warning: implicit declaration of function 'scaler_init' [-Wimplicit-function-declaration]
../src/camera_app.c: At top level:
../src/camera_app.c:38:6: warning: conflicting types for 'scaler_init' [enabled by default]
../src/camera_app.c:30:2: note: previous implicit declaration of 'scaler_init' was here
../src/camera_app.c: In function 'scaler_init':
../src/camera_app.c:41:2: warning: implicit declaration of function 'enable_sw_scaler' [-Wimplicit-function-declaration]
'Finished building: ../src/camera_app.c'
' '
'Building target: camera_split_app.elf'
'Invoking: ARM gcc linker'
arm-xilinx-eabi-gcc -Wl,-T -Wl,../src/lscript.ld -L../../standalone_bsp_0/ps7_cortexa9_0/lib -o "camera_split_app.elf"  ./src/camera_app.o ./src/fmc_imageon_utils.o ./src/helloworld.o ./src/platform.o ./src/video_detector.o ./src/video_frame_buffer.o ./src/video_generator.o ./src/video_resolution.o ./src/xtpg_app.o   -Wl,--start-group,-lxil,-lgcc,-lc,--end-group
./src/camera_app.o: In function `scaler_init':
C:\tmp\MP-2\sw_thing\camera_split_app\Debug/../src/camera_app.c:41: undefined reference to `enable_sw_scaler'
collect2.exe: error: ld returned 1 exit status
make: *** [camera_split_app.elf] Error 1
20:40:11 **** Auto Build of configuration Debug for project camera_split_app ****
make all 
'Building file: ../src/camera_app.c'
'Invoking: ARM gcc compiler'
arm-xilinx-eabi-gcc -Wall -O0 -g3 -c -fmessage-length=0 -I../../standalone_bsp_0/ps7_cortexa9_0/include -MMD -MP -MF"src/camera_app.d" -MT"src/camera_app.d" -o "src/camera_app.o" "../src/camera_app.c"
../src/camera_app.c: In function 'main':
../src/camera_app.c:31:2: warning: implicit declaration of function 'scaler_init' [-Wimplicit-function-declaration]
../src/camera_app.c: At top level:
../src/camera_app.c:39:6: warning: conflicting types for 'scaler_init' [enabled by default]
../src/camera_app.c:31:2: note: previous implicit declaration of 'scaler_init' was here
../src/camera_app.c: In function 'scaler_init':
../src/camera_app.c:42:2: warning: implicit declaration of function 'enable_sw_scaler' [-Wimplicit-function-declaration]
'Finished building: ../src/camera_app.c'
' '
'Building target: camera_split_app.elf'
'Invoking: ARM gcc linker'
arm-xilinx-eabi-gcc -Wl,-T -Wl,../src/lscript.ld -L../../standalone_bsp_0/ps7_cortexa9_0/lib -o "camera_split_app.elf"  ./src/camera_app.o ./src/fmc_imageon_utils.o ./src/helloworld.o ./src/platform.o ./src/video_detector.o ./src/video_frame_buffer.o ./src/video_generator.o ./src/video_resolution.o ./src/xtpg_app.o   -Wl,--start-group,-lxil,-lgcc,-lc,--end-group
./src/camera_app.o: In function `scaler_init':
C:\tmp\MP-2\sw_thing\camera_split_app\Debug/../src/camera_app.c:42: undefined reference to `enable_sw_scaler'
collect2.exe: error: ld returned 1 exit status
make: *** [camera_split_app.elf] Error 1
20:40:51 **** Auto Build of configuration Debug for project camera_split_app ****
make all 
'Building file: ../src/camera_app.c'
'Invoking: ARM gcc compiler'
arm-xilinx-eabi-gcc -Wall -O0 -g3 -c -fmessage-length=0 -I../../standalone_bsp_0/ps7_cortexa9_0/include -MMD -MP -MF"src/camera_app.d" -MT"src/camera_app.d" -o "src/camera_app.o" "../src/camera_app.c"
../src/camera_app.c: In function 'main':
../src/camera_app.c:31:2: warning: implicit declaration of function 'scaler_init' [-Wimplicit-function-declaration]
../src/camera_app.c: At top level:
../src/camera_app.c:39:6: warning: conflicting types for 'scaler_init' [enabled by default]
../src/camera_app.c:31:2: note: previous implicit declaration of 'scaler_init' was here
../src/camera_app.c: In function 'scaler_init':
../src/camera_app.c:41:17: warning: initialization makes pointer from integer without a cast [enabled by default]
../src/camera_app.c:42:2: warning: implicit declaration of function 'enable_sw_scaler' [-Wimplicit-function-declaration]
../src/camera_app.c:41:7: warning: unused variable 'baseadr' [-Wunused-variable]
'Finished building: ../src/camera_app.c'
' '
'Building target: camera_split_app.elf'
'Invoking: ARM gcc linker'
arm-xilinx-eabi-gcc -Wl,-T -Wl,../src/lscript.ld -L../../standalone_bsp_0/ps7_cortexa9_0/lib -o "camera_split_app.elf"  ./src/camera_app.o ./src/fmc_imageon_utils.o ./src/helloworld.o ./src/platform.o ./src/video_detector.o ./src/video_frame_buffer.o ./src/video_generator.o ./src/video_resolution.o ./src/xtpg_app.o   -Wl,--start-group,-lxil,-lgcc,-lc,--end-group
./src/camera_app.o: In function `scaler_init':
C:\tmp\MP-2\sw_thing\camera_split_app\Debug/../src/camera_app.c:42: undefined reference to `enable_sw_scaler'
collect2.exe: error: ld returned 1 exit status
make: *** [camera_split_app.elf] Error 1
20:40:59 **** Auto Build of configuration Debug for project camera_split_app ****
make all 
'Building file: ../src/camera_app.c'
'Invoking: ARM gcc compiler'
arm-xilinx-eabi-gcc -Wall -O0 -g3 -c -fmessage-length=0 -I../../standalone_bsp_0/ps7_cortexa9_0/include -MMD -MP -MF"src/camera_app.d" -MT"src/camera_app.d" -o "src/camera_app.o" "../src/camera_app.c"
../src/camera_app.c: In function 'main':
../src/camera_app.c:31:2: warning: implicit declaration of function 'scaler_init' [-Wimplicit-function-declaration]
../src/camera_app.c: At top level:
../src/camera_app.c:39:6: warning: conflicting types for 'scaler_init' [enabled by default]
../src/camera_app.c:31:2: note: previous implicit declaration of 'scaler_init' was here
../src/camera_app.c: In function 'scaler_init':
../src/camera_app.c:41:17: warning: initialization makes pointer from integer without a cast [enabled by default]
../src/camera_app.c:42:2: warning: implicit declaration of function 'enable_sw_scaler' [-Wimplicit-function-declaration]
'Finished building: ../src/camera_app.c'
' '
'Building target: camera_split_app.elf'
'Invoking: ARM gcc linker'
arm-xilinx-eabi-gcc -Wl,-T -Wl,../src/lscript.ld -L../../standalone_bsp_0/ps7_cortexa9_0/lib -o "camera_split_app.elf"  ./src/camera_app.o ./src/fmc_imageon_utils.o ./src/helloworld.o ./src/platform.o ./src/video_detector.o ./src/video_frame_buffer.o ./src/video_generator.o ./src/video_resolution.o ./src/xtpg_app.o   -Wl,--start-group,-lxil,-lgcc,-lc,--end-group
./src/camera_app.o: In function `scaler_init':
C:\tmp\MP-2\sw_thing\camera_split_app\Debug/../src/camera_app.c:42: undefined reference to `enable_sw_scaler'
collect2.exe: error: ld returned 1 exit status
make: *** [camera_split_app.elf] Error 1
20:41:32 **** Auto Build of configuration Debug for project camera_split_app ****
make all 
'Building file: ../src/camera_app.c'
'Invoking: ARM gcc compiler'
arm-xilinx-eabi-gcc -Wall -O0 -g3 -c -fmessage-length=0 -I../../standalone_bsp_0/ps7_cortexa9_0/include -MMD -MP -MF"src/camera_app.d" -MT"src/camera_app.d" -o "src/camera_app.o" "../src/camera_app.c"
../src/camera_app.c: In function 'main':
../src/camera_app.c:31:2: warning: implicit declaration of function 'scaler_init' [-Wimplicit-function-declaration]
../src/camera_app.c: At top level:
../src/camera_app.c:39:6: warning: conflicting types for 'scaler_init' [enabled by default]
../src/camera_app.c:31:2: note: previous implicit declaration of 'scaler_init' was here
../src/camera_app.c: In function 'scaler_init':
../src/camera_app.c:41:17: warning: initialization makes pointer from integer without a cast [enabled by default]
../src/camera_app.c:42:2: warning: implicit declaration of function 'enable_sw_scaler' [-Wimplicit-function-declaration]
'Finished building: ../src/camera_app.c'
' '
'Building target: camera_split_app.elf'
'Invoking: ARM gcc linker'
arm-xilinx-eabi-gcc -Wl,-T -Wl,../src/lscript.ld -L../../standalone_bsp_0/ps7_cortexa9_0/lib -o "camera_split_app.elf"  ./src/camera_app.o ./src/fmc_imageon_utils.o ./src/helloworld.o ./src/platform.o ./src/video_detector.o ./src/video_frame_buffer.o ./src/video_generator.o ./src/video_resolution.o ./src/xtpg_app.o   -Wl,--start-group,-lxil,-lgcc,-lc,--end-group
./src/camera_app.o: In function `scaler_init':
C:\tmp\MP-2\sw_thing\camera_split_app\Debug/../src/camera_app.c:42: undefined reference to `enable_sw_scaler'
collect2.exe: error: ld returned 1 exit status
make: *** [camera_split_app.elf] Error 1
20:41:36 **** Auto Build of configuration Debug for project camera_split_app ****
make all 
'Building file: ../src/camera_app.c'
'Invoking: ARM gcc compiler'
arm-xilinx-eabi-gcc -Wall -O0 -g3 -c -fmessage-length=0 -I../../standalone_bsp_0/ps7_cortexa9_0/include -MMD -MP -MF"src/camera_app.d" -MT"src/camera_app.d" -o "src/camera_app.o" "../src/camera_app.c"
../src/camera_app.c: In function 'main':
../src/camera_app.c:31:2: warning: implicit declaration of function 'scaler_init' [-Wimplicit-function-declaration]
../src/camera_app.c: At top level:
../src/camera_app.c:39:6: warning: conflicting types for 'scaler_init' [enabled by default]
../src/camera_app.c:31:2: note: previous implicit declaration of 'scaler_init' was here
../src/camera_app.c: In function 'scaler_init':
../src/camera_app.c:41:17: warning: initialization makes pointer from integer without a cast [enabled by default]
../src/camera_app.c:42:2: warning: implicit declaration of function 'enable_sw_scaler' [-Wimplicit-function-declaration]
../src/camera_app.c:41:7: warning: unused variable 'baseadr' [-Wunused-variable]
'Finished building: ../src/camera_app.c'
' '
'Building target: camera_split_app.elf'
'Invoking: ARM gcc linker'
arm-xilinx-eabi-gcc -Wl,-T -Wl,../src/lscript.ld -L../../standalone_bsp_0/ps7_cortexa9_0/lib -o "camera_split_app.elf"  ./src/camera_app.o ./src/fmc_imageon_utils.o ./src/helloworld.o ./src/platform.o ./src/video_detector.o ./src/video_frame_buffer.o ./src/video_generator.o ./src/video_resolution.o ./src/xtpg_app.o   -Wl,--start-group,-lxil,-lgcc,-lc,--end-group
./src/camera_app.o: In function `scaler_init':
C:\tmp\MP-2\sw_thing\camera_split_app\Debug/../src/camera_app.c:42: undefined reference to `enable_sw_scaler'
collect2.exe: error: ld returned 1 exit status
make: *** [camera_split_app.elf] Error 1
20:41:41 **** Auto Build of configuration Debug for project camera_split_app ****
make all 
'Building target: camera_split_app.elf'
'Invoking: ARM gcc linker'
arm-xilinx-eabi-gcc -Wl,-T -Wl,../src/lscript.ld -L../../standalone_bsp_0/ps7_cortexa9_0/lib -o "camera_split_app.elf"  ./src/camera_app.o ./src/fmc_imageon_utils.o ./src/helloworld.o ./src/platform.o ./src/video_detector.o ./src/video_frame_buffer.o ./src/video_generator.o ./src/video_resolution.o ./src/xtpg_app.o   -Wl,--start-group,-lxil,-lgcc,-lc,--end-group
./src/camera_app.o: In function `scaler_init':
C:\tmp\MP-2\sw_thing\camera_split_app\Debug/../src/camera_app.c:42: undefined reference to `enable_sw_scaler'
collect2.exe: error: ld returned 1 exit status
make: *** [camera_split_app.elf] Error 1
20:41:46 **** Auto Build of configuration Debug for project camera_split_app ****
make all 
'Building target: camera_split_app.elf'
'Invoking: ARM gcc linker'
arm-xilinx-eabi-gcc -Wl,-T -Wl,../src/lscript.ld -L../../standalone_bsp_0/ps7_cortexa9_0/lib -o "camera_split_app.elf"  ./src/camera_app.o ./src/fmc_imageon_utils.o ./src/helloworld.o ./src/platform.o ./src/video_detector.o ./src/video_frame_buffer.o ./src/video_generator.o ./src/video_resolution.o ./src/xtpg_app.o   -Wl,--start-group,-lxil,-lgcc,-lc,--end-group
./src/camera_app.o: In function `scaler_init':
C:\tmp\MP-2\sw_thing\camera_split_app\Debug/../src/camera_app.c:42: undefined reference to `enable_sw_scaler'
collect2.exe: error: ld returned 1 exit status
make: *** [camera_split_app.elf] Error 1
20:42:16 **** Auto Build of configuration Debug for project camera_split_app ****
make all 
'Building file: ../src/camera_app.c'
'Invoking: ARM gcc compiler'
arm-xilinx-eabi-gcc -Wall -O0 -g3 -c -fmessage-length=0 -I../../standalone_bsp_0/ps7_cortexa9_0/include -MMD -MP -MF"src/camera_app.d" -MT"src/camera_app.d" -o "src/camera_app.o" "../src/camera_app.c"
In file included from ../src/camera_app.c:20:0:
../src/scaler_config.h: In function 'set_output_size':
../src/scaler_config.h:35:4: error: 'baseAddr' undeclared (first use in this function)
../src/scaler_config.h:35:4: note: each undeclared identifier is reported only once for each function it appears in
../src/scaler_config.h: In function 'set_input_size':
../src/scaler_config.h:50:4: error: 'baseAddr' undeclared (first use in this function)
../src/scaler_config.h: In function 'set_scale_factor':
../src/scaler_config.h:92:19: warning: initialization makes integer from pointer without a cast [enabled by default]
../src/scaler_config.h:94:2: error: invalid type argument of unary '*' (have 'int')
../src/scaler_config.h:96:13: warning: assignment makes integer from pointer without a cast [enabled by default]
../src/scaler_config.h:98:2: error: invalid type argument of unary '*' (have 'int')
../src/camera_app.c: In function 'main':
../src/camera_app.c:32:2: warning: implicit declaration of function 'scaler_init' [-Wimplicit-function-declaration]
../src/camera_app.c: At top level:
../src/camera_app.c:40:6: warning: conflicting types for 'scaler_init' [enabled by default]
../src/camera_app.c:32:2: note: previous implicit declaration of 'scaler_init' was here
../src/camera_app.c: In function 'scaler_init':
../src/camera_app.c:42:17: warning: initialization makes pointer from integer without a cast [enabled by default]
../src/camera_app.c:42:7: warning: unused variable 'baseadr' [-Wunused-variable]
In file included from ../src/camera_app.c:20:0:
../src/camera_app.c: In function 'set_aperature':
../src/scaler_config.h:80:1: warning: control reaches end of non-void function [-Wreturn-type]
make: *** [src/camera_app.o] Error 1
20:43:08 **** Auto Build of configuration Debug for project camera_split_app ****
make all 
'Building file: ../src/camera_app.c'
'Invoking: ARM gcc compiler'
arm-xilinx-eabi-gcc -Wall -O0 -g3 -c -fmessage-length=0 -I../../standalone_bsp_0/ps7_cortexa9_0/include -MMD -MP -MF"src/camera_app.d" -MT"src/camera_app.d" -o "src/camera_app.o" "../src/camera_app.c"
In file included from ../src/camera_app.c:20:0:
../src/scaler_config.h: In function 'enable_sw_scaler':
../src/scaler_config.h:24:3: warning: dereferencing 'void *' pointer [enabled by default]
../src/scaler_config.h:24:2: error: invalid use of void expression
../src/scaler_config.h: In function 'set_output_size':
../src/scaler_config.h:35:4: error: 'baseAddr' undeclared (first use in this function)
../src/scaler_config.h:35:4: note: each undeclared identifier is reported only once for each function it appears in
../src/scaler_config.h: In function 'set_input_size':
../src/scaler_config.h:50:4: error: 'baseAddr' undeclared (first use in this function)
../src/scaler_config.h: In function 'set_scale_factor':
../src/scaler_config.h:92:19: warning: initialization makes integer from pointer without a cast [enabled by default]
../src/scaler_config.h:94:2: error: invalid type argument of unary '*' (have 'int')
../src/scaler_config.h:96:13: warning: assignment makes integer from pointer without a cast [enabled by default]
../src/scaler_config.h:98:2: error: invalid type argument of unary '*' (have 'int')
../src/camera_app.c: In function 'main':
../src/camera_app.c:32:2: warning: implicit declaration of function 'scaler_init' [-Wimplicit-function-declaration]
../src/camera_app.c: At top level:
../src/camera_app.c:40:6: warning: conflicting types for 'scaler_init' [enabled by default]
../src/camera_app.c:32:2: note: previous implicit declaration of 'scaler_init' was here
../src/camera_app.c: In function 'scaler_init':
../src/camera_app.c:42:17: warning: initialization makes pointer from integer without a cast [enabled by default]
../src/camera_app.c:43:2: error: too few arguments to function 'enable_sw_scaler'
In file included from ../src/camera_app.c:20:0:
../src/scaler_config.h:23:5: note: declared here
../src/camera_app.c:42:7: warning: unused variable 'baseadr' [-Wunused-variable]
In file included from ../src/camera_app.c:20:0:
../src/camera_app.c: In function 'set_aperature':
../src/scaler_config.h:80:1: warning: control reaches end of non-void function [-Wreturn-type]
make: *** [src/camera_app.o] Error 1
20:45:42 **** Auto Build of configuration Debug for project camera_split_app ****
make all 
'Building file: ../src/camera_app.c'
'Invoking: ARM gcc compiler'
arm-xilinx-eabi-gcc -Wall -O0 -g3 -c -fmessage-length=0 -I../../standalone_bsp_0/ps7_cortexa9_0/include -MMD -MP -MF"src/camera_app.d" -MT"src/camera_app.d" -o "src/camera_app.o" "../src/camera_app.c"
In file included from ../src/camera_app.c:20:0:
../src/scaler_config.h: In function 'set_input_size':
../src/scaler_config.h:50:4: error: 'baseAddr' undeclared (first use in this function)
../src/scaler_config.h:50:4: note: each undeclared identifier is reported only once for each function it appears in
../src/scaler_config.h: In function 'set_scale_factor':
../src/scaler_config.h:92:19: warning: initialization makes integer from pointer without a cast [enabled by default]
../src/scaler_config.h:94:2: error: invalid type argument of unary '*' (have 'int')
../src/scaler_config.h:96:13: warning: assignment makes integer from pointer without a cast [enabled by default]
../src/scaler_config.h:98:2: error: invalid type argument of unary '*' (have 'int')
../src/camera_app.c: In function 'main':
../src/camera_app.c:32:2: warning: implicit declaration of function 'scaler_init' [-Wimplicit-function-declaration]
../src/camera_app.c: At top level:
../src/camera_app.c:40:6: warning: conflicting types for 'scaler_init' [enabled by default]
../src/camera_app.c:32:2: note: previous implicit declaration of 'scaler_init' was here
../src/camera_app.c: In function 'scaler_init':
../src/camera_app.c:42:17: warning: initialization makes pointer from integer without a cast [enabled by default]
../src/camera_app.c:43:2: error: too few arguments to function 'enable_sw_scaler'
In file included from ../src/camera_app.c:20:0:
../src/scaler_config.h:23:5: note: declared here
../src/camera_app.c:42:7: warning: unused variable 'baseadr' [-Wunused-variable]
In file included from ../src/camera_app.c:20:0:
../src/camera_app.c: In function 'set_aperature':
../src/scaler_config.h:80:1: warning: control reaches end of non-void function [-Wreturn-type]
make: *** [src/camera_app.o] Error 1
20:45:51 **** Auto Build of configuration Debug for project camera_split_app ****
make all 
'Building file: ../src/camera_app.c'
'Invoking: ARM gcc compiler'
arm-xilinx-eabi-gcc -Wall -O0 -g3 -c -fmessage-length=0 -I../../standalone_bsp_0/ps7_cortexa9_0/include -MMD -MP -MF"src/camera_app.d" -MT"src/camera_app.d" -o "src/camera_app.o" "../src/camera_app.c"
In file included from ../src/camera_app.c:20:0:
../src/scaler_config.h: In function 'set_scale_factor':
../src/scaler_config.h:92:19: warning: initialization makes integer from pointer without a cast [enabled by default]
../src/scaler_config.h:94:2: error: invalid type argument of unary '*' (have 'int')
../src/scaler_config.h:96:13: warning: assignment makes integer from pointer without a cast [enabled by default]
../src/scaler_config.h:98:2: error: invalid type argument of unary '*' (have 'int')
../src/camera_app.c: In function 'main':
../src/camera_app.c:32:2: warning: implicit declaration of function 'scaler_init' [-Wimplicit-function-declaration]
../src/camera_app.c: At top level:
../src/camera_app.c:40:6: warning: conflicting types for 'scaler_init' [enabled by default]
../src/camera_app.c:32:2: note: previous implicit declaration of 'scaler_init' was here
../src/camera_app.c: In function 'scaler_init':
../src/camera_app.c:42:17: warning: initialization makes pointer from integer without a cast [enabled by default]
../src/camera_app.c:43:2: error: too few arguments to function 'enable_sw_scaler'
In file included from ../src/camera_app.c:20:0:
../src/scaler_config.h:23:5: note: declared here
../src/camera_app.c:42:7: warning: unused variable 'baseadr' [-Wunused-variable]
In file included from ../src/camera_app.c:20:0:
../src/camera_app.c: In function 'set_aperature':
../src/scaler_config.h:80:1: warning: control reaches end of non-void function [-Wreturn-type]
make: *** [src/camera_app.o] Error 1
20:46:27 **** Auto Build of configuration Debug for project camera_split_app ****
make all 
'Building file: ../src/camera_app.c'
'Invoking: ARM gcc compiler'
arm-xilinx-eabi-gcc -Wall -O0 -g3 -c -fmessage-length=0 -I../../standalone_bsp_0/ps7_cortexa9_0/include -MMD -MP -MF"src/camera_app.d" -MT"src/camera_app.d" -o "src/camera_app.o" "../src/camera_app.c"
In file included from ../src/camera_app.c:20:0:
../src/scaler_config.h: In function 'set_scale_factor':
../src/scaler_config.h:92:19: warning: initialization makes integer from pointer without a cast [enabled by default]
../src/scaler_config.h:94:2: error: invalid type argument of unary '*' (have 'int')
../src/scaler_config.h:96:13: warning: assignment makes integer from pointer without a cast [enabled by default]
../src/scaler_config.h:98:2: error: invalid type argument of unary '*' (have 'int')
../src/camera_app.c: In function 'main':
../src/camera_app.c:32:2: warning: implicit declaration of function 'scaler_init' [-Wimplicit-function-declaration]
../src/camera_app.c: At top level:
../src/camera_app.c:40:6: warning: conflicting types for 'scaler_init' [enabled by default]
../src/camera_app.c:32:2: note: previous implicit declaration of 'scaler_init' was here
../src/camera_app.c: In function 'scaler_init':
../src/camera_app.c:42:17: warning: initialization makes pointer from integer without a cast [enabled by default]
../src/camera_app.c:43:2: error: too few arguments to function 'enable_sw_scaler'
In file included from ../src/camera_app.c:20:0:
../src/scaler_config.h:23:5: note: declared here
../src/camera_app.c:42:7: warning: unused variable 'baseadr' [-Wunused-variable]
In file included from ../src/camera_app.c:20:0:
../src/camera_app.c: In function 'set_aperature':
../src/scaler_config.h:80:1: warning: control reaches end of non-void function [-Wreturn-type]
make: *** [src/camera_app.o] Error 1
20:46:43 **** Auto Build of configuration Debug for project camera_split_app ****
make all 
'Building file: ../src/camera_app.c'
'Invoking: ARM gcc compiler'
arm-xilinx-eabi-gcc -Wall -O0 -g3 -c -fmessage-length=0 -I../../standalone_bsp_0/ps7_cortexa9_0/include -MMD -MP -MF"src/camera_app.d" -MT"src/camera_app.d" -o "src/camera_app.o" "../src/camera_app.c"
In file included from ../src/camera_app.c:20:0:
../src/scaler_config.h: In function 'set_scale_factor':
../src/scaler_config.h:92:19: warning: initialization makes integer from pointer without a cast [enabled by default]
../src/scaler_config.h:94:2: error: invalid type argument of unary '*' (have 'int')
../src/scaler_config.h:96:13: warning: assignment makes integer from pointer without a cast [enabled by default]
../src/scaler_config.h:98:2: error: invalid type argument of unary '*' (have 'int')
../src/camera_app.c: In function 'main':
../src/camera_app.c:32:2: warning: implicit declaration of function 'scaler_init' [-Wimplicit-function-declaration]
../src/camera_app.c: At top level:
../src/camera_app.c:40:6: warning: conflicting types for 'scaler_init' [enabled by default]
../src/camera_app.c:32:2: note: previous implicit declaration of 'scaler_init' was here
../src/camera_app.c: In function 'scaler_init':
../src/camera_app.c:42:17: warning: initialization makes pointer from integer without a cast [enabled by default]
../src/camera_app.c:43:2: error: too few arguments to function 'enable_sw_scaler'
In file included from ../src/camera_app.c:20:0:
../src/scaler_config.h:23:5: note: declared here
../src/camera_app.c:42:7: warning: unused variable 'baseadr' [-Wunused-variable]
In file included from ../src/camera_app.c:20:0:
../src/camera_app.c: In function 'set_aperature':
../src/scaler_config.h:80:1: warning: control reaches end of non-void function [-Wreturn-type]
make: *** [src/camera_app.o] Error 1
20:47:01 **** Auto Build of configuration Debug for project camera_split_app ****
make all 
'Building file: ../src/camera_app.c'
'Invoking: ARM gcc compiler'
arm-xilinx-eabi-gcc -Wall -O0 -g3 -c -fmessage-length=0 -I../../standalone_bsp_0/ps7_cortexa9_0/include -MMD -MP -MF"src/camera_app.d" -MT"src/camera_app.d" -o "src/camera_app.o" "../src/camera_app.c"
In file included from ../src/camera_app.c:20:0:
../src/scaler_config.h: In function 'set_scale_factor':
../src/scaler_config.h:92:19: warning: initialization makes integer from pointer without a cast [enabled by default]
../src/scaler_config.h:94:2: error: invalid type argument of unary '*' (have 'int')
../src/scaler_config.h:96:13: warning: assignment makes integer from pointer without a cast [enabled by default]
../src/scaler_config.h:98:2: error: invalid type argument of unary '*' (have 'int')
../src/camera_app.c: In function 'main':
../src/camera_app.c:32:2: warning: implicit declaration of function 'scaler_init' [-Wimplicit-function-declaration]
../src/camera_app.c: At top level:
../src/camera_app.c:40:6: warning: conflicting types for 'scaler_init' [enabled by default]
../src/camera_app.c:32:2: note: previous implicit declaration of 'scaler_init' was here
../src/camera_app.c: In function 'scaler_init':
../src/camera_app.c:42:17: warning: initialization makes pointer from integer without a cast [enabled by default]
../src/camera_app.c:43:2: error: too few arguments to function 'enable_sw_scaler'
In file included from ../src/camera_app.c:20:0:
../src/scaler_config.h:23:5: note: declared here
../src/camera_app.c:42:7: warning: unused variable 'baseadr' [-Wunused-variable]
In file included from ../src/camera_app.c:20:0:
../src/camera_app.c: In function 'set_aperature':
../src/scaler_config.h:80:1: warning: control reaches end of non-void function [-Wreturn-type]
make: *** [src/camera_app.o] Error 1
20:47:33 **** Auto Build of configuration Debug for project camera_split_app ****
make all 
'Building file: ../src/camera_app.c'
'Invoking: ARM gcc compiler'
arm-xilinx-eabi-gcc -Wall -O0 -g3 -c -fmessage-length=0 -I../../standalone_bsp_0/ps7_cortexa9_0/include -MMD -MP -MF"src/camera_app.d" -MT"src/camera_app.d" -o "src/camera_app.o" "../src/camera_app.c"
In file included from ../src/camera_app.c:20:0:
../src/scaler_config.h: In function 'set_scale_factor':
../src/scaler_config.h:92:19: warning: initialization makes integer from pointer without a cast [enabled by default]
../src/scaler_config.h:94:2: error: invalid type argument of unary '*' (have 'int')
../src/scaler_config.h:96:13: warning: assignment makes integer from pointer without a cast [enabled by default]
../src/scaler_config.h:98:2: error: invalid type argument of unary '*' (have 'int')
../src/camera_app.c: In function 'main':
../src/camera_app.c:32:2: warning: implicit declaration of function 'scaler_init' [-Wimplicit-function-declaration]
../src/camera_app.c: At top level:
../src/camera_app.c:40:6: warning: conflicting types for 'scaler_init' [enabled by default]
../src/camera_app.c:32:2: note: previous implicit declaration of 'scaler_init' was here
../src/camera_app.c: In function 'scaler_init':
../src/camera_app.c:42:17: warning: initialization makes pointer from integer without a cast [enabled by default]
../src/camera_app.c:43:2: error: too few arguments to function 'enable_sw_scaler'
In file included from ../src/camera_app.c:20:0:
../src/scaler_config.h:23:5: note: declared here
../src/camera_app.c:42:7: warning: unused variable 'baseadr' [-Wunused-variable]
In file included from ../src/camera_app.c:20:0:
../src/camera_app.c: In function 'set_aperature':
../src/scaler_config.h:80:1: warning: control reaches end of non-void function [-Wreturn-type]
make: *** [src/camera_app.o] Error 1
20:47:41 **** Auto Build of configuration Debug for project camera_split_app ****
make all 
'Building file: ../src/camera_app.c'
'Invoking: ARM gcc compiler'
arm-xilinx-eabi-gcc -Wall -O0 -g3 -c -fmessage-length=0 -I../../standalone_bsp_0/ps7_cortexa9_0/include -MMD -MP -MF"src/camera_app.d" -MT"src/camera_app.d" -o "src/camera_app.o" "../src/camera_app.c"
In file included from ../src/camera_app.c:20:0:
../src/scaler_config.h: In function 'set_scale_factor':
../src/scaler_config.h:92:19: warning: initialization makes integer from pointer without a cast [enabled by default]
../src/scaler_config.h:94:2: error: invalid type argument of unary '*' (have 'int')
../src/scaler_config.h:96:13: warning: assignment makes integer from pointer without a cast [enabled by default]
../src/scaler_config.h:98:2: error: invalid type argument of unary '*' (have 'int')
../src/camera_app.c: In function 'main':
../src/camera_app.c:32:2: warning: implicit declaration of function 'scaler_init' [-Wimplicit-function-declaration]
../src/camera_app.c: At top level:
../src/camera_app.c:40:6: warning: conflicting types for 'scaler_init' [enabled by default]
../src/camera_app.c:32:2: note: previous implicit declaration of 'scaler_init' was here
../src/camera_app.c: In function 'scaler_init':
../src/camera_app.c:42:17: warning: initialization makes pointer from integer without a cast [enabled by default]
../src/camera_app.c:43:2: error: too few arguments to function 'enable_sw_scaler'
In file included from ../src/camera_app.c:20:0:
../src/scaler_config.h:23:5: note: declared here
../src/camera_app.c:42:7: warning: unused variable 'baseadr' [-Wunused-variable]
In file included from ../src/camera_app.c:20:0:
../src/camera_app.c: In function 'set_aperature':
../src/scaler_config.h:80:1: warning: control reaches end of non-void function [-Wreturn-type]
make: *** [src/camera_app.o] Error 1
20:48:29 **** Auto Build of configuration Debug for project camera_split_app ****
make all 
'Building file: ../src/camera_app.c'
'Invoking: ARM gcc compiler'
arm-xilinx-eabi-gcc -Wall -O0 -g3 -c -fmessage-length=0 -I../../standalone_bsp_0/ps7_cortexa9_0/include -MMD -MP -MF"src/camera_app.d" -MT"src/camera_app.d" -o "src/camera_app.o" "../src/camera_app.c"
In file included from ../src/camera_app.c:20:0:
../src/scaler_config.h: In function 'set_scale_factor':
../src/scaler_config.h:92:19: warning: initialization makes integer from pointer without a cast [enabled by default]
../src/scaler_config.h:94:3: error: invalid type argument of unary '*' (have 'int')
../src/scaler_config.h:96:13: warning: assignment makes integer from pointer without a cast [enabled by default]
../src/scaler_config.h:98:3: error: invalid type argument of unary '*' (have 'int')
../src/camera_app.c: In function 'main':
../src/camera_app.c:32:2: warning: implicit declaration of function 'scaler_init' [-Wimplicit-function-declaration]
../src/camera_app.c: At top level:
../src/camera_app.c:40:6: warning: conflicting types for 'scaler_init' [enabled by default]
../src/camera_app.c:32:2: note: previous implicit declaration of 'scaler_init' was here
../src/camera_app.c: In function 'scaler_init':
../src/camera_app.c:42:17: warning: initialization makes pointer from integer without a cast [enabled by default]
../src/camera_app.c:43:2: error: too few arguments to function 'enable_sw_scaler'
In file included from ../src/camera_app.c:20:0:
../src/scaler_config.h:23:5: note: declared here
../src/camera_app.c:42:7: warning: unused variable 'baseadr' [-Wunused-variable]
In file included from ../src/camera_app.c:20:0:
../src/camera_app.c: In function 'set_aperature':
../src/scaler_config.h:80:1: warning: control reaches end of non-void function [-Wreturn-type]
make: *** [src/camera_app.o] Error 1
20:48:32 **** Auto Build of configuration Debug for project camera_split_app ****
make all 
'Building file: ../src/camera_app.c'
'Invoking: ARM gcc compiler'
arm-xilinx-eabi-gcc -Wall -O0 -g3 -c -fmessage-length=0 -I../../standalone_bsp_0/ps7_cortexa9_0/include -MMD -MP -MF"src/camera_app.d" -MT"src/camera_app.d" -o "src/camera_app.o" "../src/camera_app.c"
In file included from ../src/camera_app.c:20:0:
../src/scaler_config.h: In function 'set_scale_factor':
../src/scaler_config.h:92:19: warning: initialization makes integer from pointer without a cast [enabled by default]
../src/scaler_config.h:94:2: error: invalid type argument of unary '*' (have 'int')
../src/scaler_config.h:96:13: warning: assignment makes integer from pointer without a cast [enabled by default]
../src/scaler_config.h:98:2: error: invalid type argument of unary '*' (have 'int')
../src/camera_app.c: In function 'main':
../src/camera_app.c:32:2: warning: implicit declaration of function 'scaler_init' [-Wimplicit-function-declaration]
../src/camera_app.c: At top level:
../src/camera_app.c:40:6: warning: conflicting types for 'scaler_init' [enabled by default]
../src/camera_app.c:32:2: note: previous implicit declaration of 'scaler_init' was here
../src/camera_app.c: In function 'scaler_init':
../src/camera_app.c:42:17: warning: initialization makes pointer from integer without a cast [enabled by default]
../src/camera_app.c:43:2: error: too few arguments to function 'enable_sw_scaler'
In file included from ../src/camera_app.c:20:0:
../src/scaler_config.h:23:5: note: declared here
../src/camera_app.c:42:7: warning: unused variable 'baseadr' [-Wunused-variable]
In file included from ../src/camera_app.c:20:0:
../src/camera_app.c: In function 'set_aperature':
../src/scaler_config.h:80:1: warning: control reaches end of non-void function [-Wreturn-type]
make: *** [src/camera_app.o] Error 1
20:50:54 **** Auto Build of configuration Debug for project camera_split_app ****
make all 
'Building file: ../src/camera_app.c'
'Invoking: ARM gcc compiler'
arm-xilinx-eabi-gcc -Wall -O0 -g3 -c -fmessage-length=0 -I../../standalone_bsp_0/ps7_cortexa9_0/include -MMD -MP -MF"src/camera_app.d" -MT"src/camera_app.d" -o "src/camera_app.o" "../src/camera_app.c"
In file included from ../src/camera_app.c:20:0:
../src/scaler_config.h: In function 'set_scale_factor':
../src/scaler_config.h:92:20: warning: initialization from incompatible pointer type [enabled by default]
../src/scaler_config.h:94:13: error: incompatible types when assigning to type 'int *' from type 'float'
../src/scaler_config.h:96:13: warning: assignment from incompatible pointer type [enabled by default]
../src/scaler_config.h:98:13: error: incompatible types when assigning to type 'int *' from type 'float'
../src/scaler_config.h:92:7: warning: variable 'targetAddr' set but not used [-Wunused-but-set-variable]
../src/camera_app.c: In function 'main':
../src/camera_app.c:32:2: warning: implicit declaration of function 'scaler_init' [-Wimplicit-function-declaration]
../src/camera_app.c: At top level:
../src/camera_app.c:40:6: warning: conflicting types for 'scaler_init' [enabled by default]
../src/camera_app.c:32:2: note: previous implicit declaration of 'scaler_init' was here
../src/camera_app.c: In function 'scaler_init':
../src/camera_app.c:42:17: warning: initialization makes pointer from integer without a cast [enabled by default]
../src/camera_app.c:43:2: error: too few arguments to function 'enable_sw_scaler'
In file included from ../src/camera_app.c:20:0:
../src/scaler_config.h:23:5: note: declared here
../src/camera_app.c:42:7: warning: unused variable 'baseadr' [-Wunused-variable]
In file included from ../src/camera_app.c:20:0:
../src/camera_app.c: In function 'set_aperature':
../src/scaler_config.h:80:1: warning: control reaches end of non-void function [-Wreturn-type]
make: *** [src/camera_app.o] Error 1
20:51:05 **** Auto Build of configuration Debug for project camera_split_app ****
make all 
'Building file: ../src/camera_app.c'
'Invoking: ARM gcc compiler'
arm-xilinx-eabi-gcc -Wall -O0 -g3 -c -fmessage-length=0 -I../../standalone_bsp_0/ps7_cortexa9_0/include -MMD -MP -MF"src/camera_app.d" -MT"src/camera_app.d" -o "src/camera_app.o" "../src/camera_app.c"
In file included from ../src/camera_app.c:20:0:
../src/scaler_config.h: In function 'set_scale_factor':
../src/scaler_config.h:92:20: warning: initialization from incompatible pointer type [enabled by default]
../src/scaler_config.h:96:13: warning: assignment from incompatible pointer type [enabled by default]
../src/camera_app.c: In function 'main':
../src/camera_app.c:32:2: warning: implicit declaration of function 'scaler_init' [-Wimplicit-function-declaration]
../src/camera_app.c: At top level:
../src/camera_app.c:40:6: warning: conflicting types for 'scaler_init' [enabled by default]
../src/camera_app.c:32:2: note: previous implicit declaration of 'scaler_init' was here
../src/camera_app.c: In function 'scaler_init':
../src/camera_app.c:42:17: warning: initialization makes pointer from integer without a cast [enabled by default]
../src/camera_app.c:43:2: error: too few arguments to function 'enable_sw_scaler'
In file included from ../src/camera_app.c:20:0:
../src/scaler_config.h:23:5: note: declared here
../src/camera_app.c:42:7: warning: unused variable 'baseadr' [-Wunused-variable]
In file included from ../src/camera_app.c:20:0:
../src/camera_app.c: In function 'set_aperature':
../src/scaler_config.h:80:1: warning: control reaches end of non-void function [-Wreturn-type]
make: *** [src/camera_app.o] Error 1
20:51:30 **** Auto Build of configuration Debug for project camera_split_app ****
make all 
'Building file: ../src/camera_app.c'
'Invoking: ARM gcc compiler'
arm-xilinx-eabi-gcc -Wall -O0 -g3 -c -fmessage-length=0 -I../../standalone_bsp_0/ps7_cortexa9_0/include -MMD -MP -MF"src/camera_app.d" -MT"src/camera_app.d" -o "src/camera_app.o" "../src/camera_app.c"
In file included from ../src/camera_app.c:20:0:
../src/scaler_config.h: In function 'set_scale_factor':
../src/scaler_config.h:92:20: warning: initialization from incompatible pointer type [enabled by default]
../src/scaler_config.h:96:13: warning: assignment from incompatible pointer type [enabled by default]
../src/camera_app.c: In function 'main':
../src/camera_app.c:32:2: warning: implicit declaration of function 'scaler_init' [-Wimplicit-function-declaration]
../src/camera_app.c: At top level:
../src/camera_app.c:40:6: warning: conflicting types for 'scaler_init' [enabled by default]
../src/camera_app.c:32:2: note: previous implicit declaration of 'scaler_init' was here
../src/camera_app.c: In function 'scaler_init':
../src/camera_app.c:42:17: warning: initialization makes pointer from integer without a cast [enabled by default]
../src/camera_app.c:43:2: warning: passing argument 1 of 'enable_sw_scaler' from incompatible pointer type [enabled by default]
In file included from ../src/camera_app.c:20:0:
../src/scaler_config.h:23:5: note: expected 'int *' but argument is of type 'u32 *'
../src/camera_app.c: In function 'set_aperature':
../src/scaler_config.h:80:1: warning: control reaches end of non-void function [-Wreturn-type]
'Finished building: ../src/camera_app.c'
' '
'Building target: camera_split_app.elf'
'Invoking: ARM gcc linker'
arm-xilinx-eabi-gcc -Wl,-T -Wl,../src/lscript.ld -L../../standalone_bsp_0/ps7_cortexa9_0/lib -o "camera_split_app.elf"  ./src/camera_app.o ./src/fmc_imageon_utils.o ./src/helloworld.o ./src/platform.o ./src/video_detector.o ./src/video_frame_buffer.o ./src/video_generator.o ./src/video_resolution.o ./src/xtpg_app.o   -Wl,--start-group,-lxil,-lgcc,-lc,--end-group
'Finished building target: camera_split_app.elf'
' '
'Invoking: ARM Print Size'
arm-xilinx-eabi-size camera_split_app.elf  |tee "camera_split_app.elf.size"
   text	   data	    bss	    dec	    hex	filename
  77432	   2064	  33024	 112520	  1b788	camera_split_app.elf
'Finished building: camera_split_app.elf.size'
' '
20:51:45 **** Auto Build of configuration Debug for project camera_split_app ****
make all 
'Building file: ../src/camera_app.c'
'Invoking: ARM gcc compiler'
arm-xilinx-eabi-gcc -Wall -O0 -g3 -c -fmessage-length=0 -I../../standalone_bsp_0/ps7_cortexa9_0/include -MMD -MP -MF"src/camera_app.d" -MT"src/camera_app.d" -o "src/camera_app.o" "../src/camera_app.c"
In file included from ../src/camera_app.c:20:0:
../src/scaler_config.h: In function 'set_scale_factor':
../src/scaler_config.h:92:20: warning: initialization from incompatible pointer type [enabled by default]
../src/scaler_config.h:96:13: warning: assignment from incompatible pointer type [enabled by default]
../src/camera_app.c: In function 'main':
../src/camera_app.c:32:2: warning: implicit declaration of function 'scaler_init' [-Wimplicit-function-declaration]
../src/camera_app.c: At top level:
../src/camera_app.c:40:6: warning: conflicting types for 'scaler_init' [enabled by default]
../src/camera_app.c:32:2: note: previous implicit declaration of 'scaler_init' was here
../src/camera_app.c: In function 'scaler_init':
../src/camera_app.c:42:17: warning: initialization makes pointer from integer without a cast [enabled by default]
../src/camera_app.c:43:2: warning: passing argument 1 of 'enable_sw_scaler' from incompatible pointer type [enabled by default]
In file included from ../src/camera_app.c:20:0:
../src/scaler_config.h:23:5: note: expected 'int *' but argument is of type 'u32 *'
../src/camera_app.c:44:2: error: too few arguments to function 'set_output_size'
In file included from ../src/camera_app.c:20:0:
../src/scaler_config.h:32:5: note: declared here
../src/camera_app.c:45:2: error: too few arguments to function 'set_input_size'
In file included from ../src/camera_app.c:20:0:
../src/scaler_config.h:47:5: note: declared here
../src/camera_app.c:46:2: error: too few arguments to function 'set_aperature'
In file included from ../src/camera_app.c:20:0:
../src/scaler_config.h:62:5: note: declared here
../src/camera_app.c:47:2: error: too few arguments to function 'set_scale_factor'
In file included from ../src/camera_app.c:20:0:
../src/scaler_config.h:87:5: note: declared here
../src/camera_app.c: In function 'set_aperature':
../src/scaler_config.h:80:1: warning: control reaches end of non-void function [-Wreturn-type]
make: *** [src/camera_app.o] Error 1
20:51:58 **** Auto Build of configuration Debug for project camera_split_app ****
make all 
'Building file: ../src/camera_app.c'
'Invoking: ARM gcc compiler'
arm-xilinx-eabi-gcc -Wall -O0 -g3 -c -fmessage-length=0 -I../../standalone_bsp_0/ps7_cortexa9_0/include -MMD -MP -MF"src/camera_app.d" -MT"src/camera_app.d" -o "src/camera_app.o" "../src/camera_app.c"
In file included from ../src/camera_app.c:20:0:
../src/scaler_config.h: In function 'set_scale_factor':
../src/scaler_config.h:92:20: warning: initialization from incompatible pointer type [enabled by default]
../src/scaler_config.h:96:13: warning: assignment from incompatible pointer type [enabled by default]
../src/camera_app.c: In function 'main':
../src/camera_app.c:32:2: warning: implicit declaration of function 'scaler_init' [-Wimplicit-function-declaration]
../src/camera_app.c: At top level:
../src/camera_app.c:40:6: warning: conflicting types for 'scaler_init' [enabled by default]
../src/camera_app.c:32:2: note: previous implicit declaration of 'scaler_init' was here
../src/camera_app.c: In function 'scaler_init':
../src/camera_app.c:42:17: warning: initialization makes pointer from integer without a cast [enabled by default]
../src/camera_app.c:43:2: warning: passing argument 1 of 'enable_sw_scaler' from incompatible pointer type [enabled by default]
In file included from ../src/camera_app.c:20:0:
../src/scaler_config.h:23:5: note: expected 'int *' but argument is of type 'u32 *'
../src/camera_app.c:44:18: error: 'baseAddr' undeclared (first use in this function)
../src/camera_app.c:44:18: note: each undeclared identifier is reported only once for each function it appears in
../src/camera_app.c:45:2: error: too few arguments to function 'set_input_size'
In file included from ../src/camera_app.c:20:0:
../src/scaler_config.h:47:5: note: declared here
../src/camera_app.c:46:2: error: too few arguments to function 'set_aperature'
In file included from ../src/camera_app.c:20:0:
../src/scaler_config.h:62:5: note: declared here
../src/camera_app.c:47:2: error: too few arguments to function 'set_scale_factor'
In file included from ../src/camera_app.c:20:0:
[...]
../src/camera_app.c:84:7: error: too few arguments to function 'XScaler_GetCoeffBankSharingInfo'
In file included from ../src/camera_app.c:21:0:
../../standalone_bsp_0/ps7_cortexa9_0/include/xscaler.h:733:6: note: declared here
../src/camera_app.c:39:23: warning: unused variable 'h' [-Wunused-variable]
In file included from ../src/camera_app.c:20:0:
../src/camera_app.c: In function 'set_aperature':
../src/scaler_config.h:80:1: warning: control reaches end of non-void function [-Wreturn-type]
make: *** [src/camera_app.o] Error 1
22:47:49 **** Auto Build of configuration Debug for project camera_split_app ****
make all 
'Building file: ../src/camera_app.c'
'Invoking: ARM gcc compiler'
arm-xilinx-eabi-gcc -Wall -O0 -g3 -c -fmessage-length=0 -I../../standalone_bsp_0/ps7_cortexa9_0/include -MMD -MP -MF"src/camera_app.d" -MT"src/camera_app.d" -o "src/camera_app.o" "../src/camera_app.c"
In file included from ../src/camera_app.c:20:0:
../src/scaler_config.h: In function 'set_scale_factor':
../src/scaler_config.h:92:20: warning: initialization from incompatible pointer type [enabled by default]
../src/scaler_config.h:96:13: warning: assignment from incompatible pointer type [enabled by default]
In file included from ../src/camera_app.c:21:0:
../../standalone_bsp_0/ps7_cortexa9_0/include/xscaler.h: At top level:
../../standalone_bsp_0/ps7_cortexa9_0/include/xscaler.h:571:1: warning: multi-line comment [-Wcomment]
../../standalone_bsp_0/ps7_cortexa9_0/include/xscaler.h:590:1: warning: multi-line comment [-Wcomment]
../../standalone_bsp_0/ps7_cortexa9_0/include/xscaler.h:615:1: warning: multi-line comment [-Wcomment]
../../standalone_bsp_0/ps7_cortexa9_0/include/xscaler.h:643:1: warning: multi-line comment [-Wcomment]
../../standalone_bsp_0/ps7_cortexa9_0/include/xscaler.h:665:1: warning: multi-line comment [-Wcomment]
../../standalone_bsp_0/ps7_cortexa9_0/include/xscaler.h:690:1: warning: multi-line comment [-Wcomment]
../src/camera_app.c: In function 'main':
../src/camera_app.c:34:2: warning: large integer implicitly truncated to unsigned type [-Woverflow]
../src/camera_app.c:41:2: warning: value computed is not used [-Wunused-value]
../src/camera_app.c:55:26: error: expected expression before 'u16'
../src/camera_app.c:55:26: error: too few arguments to function 'XScaler_SetPhaseNum'
In file included from ../src/camera_app.c:21:0:
../../standalone_bsp_0/ps7_cortexa9_0/include/xscaler.h:712:6: note: declared here
../src/camera_app.c:56:26: error: expected expression before 'u16'
../src/camera_app.c:56:26: error: too few arguments to function 'XScaler_GetPhaseNum'
In file included from ../src/camera_app.c:21:0:
../../standalone_bsp_0/ps7_cortexa9_0/include/xscaler.h:714:6: note: declared here
../src/camera_app.c:59:27: error: expected expression before 'XScaler'
../src/camera_app.c:60:8: error: too few arguments to function 'XScaler_SetStartFraction'
In file included from ../src/camera_app.c:21:0:
../../standalone_bsp_0/ps7_cortexa9_0/include/xscaler.h:718:6: note: declared here
../src/camera_app.c:61:27: error: expected expression before 'XScaler'
../src/camera_app.c:62:8: error: too few arguments to function 'XScaler_GetStartFraction'
In file included from ../src/camera_app.c:21:0:
../../standalone_bsp_0/ps7_cortexa9_0/include/xscaler.h:720:6: note: declared here
../src/camera_app.c:66:24: error: expected expression before 'XScaler'
../src/camera_app.c:67:6: error: too few arguments to function 'XScaler_LoadCoeffBank'
In file included from ../src/camera_app.c:21:0:
../../standalone_bsp_0/ps7_cortexa9_0/include/xscaler.h:725:6: note: declared here
../src/camera_app.c:70:28: error: expected expression before 'XScaler'
../src/camera_app.c:72:9: error: too few arguments to function 'XScaler_SetActiveCoeffSet'
In file included from ../src/camera_app.c:21:0:
../../standalone_bsp_0/ps7_cortexa9_0/include/xscaler.h:727:6: note: declared here
../src/camera_app.c:75:28: error: expected expression before 'XScaler'
../src/camera_app.c:77:9: error: too few arguments to function 'XScaler_GetActiveCoeffSet'
In file included from ../src/camera_app.c:21:0:
../../standalone_bsp_0/ps7_cortexa9_0/include/xscaler.h:730:6: note: declared here
../src/camera_app.c:80:34: error: expected expression before 'XScaler'
../src/camera_app.c:83:7: error: too few arguments to function 'XScaler_GetCoeffBankSharingInfo'
In file included from ../src/camera_app.c:21:0:
../../standalone_bsp_0/ps7_cortexa9_0/include/xscaler.h:733:6: note: declared here
../src/camera_app.c:39:23: warning: unused variable 'h' [-Wunused-variable]
In file included from ../src/camera_app.c:20:0:
../src/camera_app.c: In function 'set_aperature':
../src/scaler_config.h:80:1: warning: control reaches end of non-void function [-Wreturn-type]
make: *** [src/camera_app.o] Error 1
22:48:00 **** Auto Build of configuration Debug for project camera_split_app ****
make all 
'Building file: ../src/camera_app.c'
'Invoking: ARM gcc compiler'
arm-xilinx-eabi-gcc -Wall -O0 -g3 -c -fmessage-length=0 -I../../standalone_bsp_0/ps7_cortexa9_0/include -MMD -MP -MF"src/camera_app.d" -MT"src/camera_app.d" -o "src/camera_app.o" "../src/camera_app.c"
In file included from ../src/camera_app.c:20:0:
../src/scaler_config.h: In function 'set_scale_factor':
../src/scaler_config.h:92:20: warning: initialization from incompatible pointer type [enabled by default]
../src/scaler_config.h:96:13: warning: assignment from incompatible pointer type [enabled by default]
In file included from ../src/camera_app.c:21:0:
../../standalone_bsp_0/ps7_cortexa9_0/include/xscaler.h: At top level:
../../standalone_bsp_0/ps7_cortexa9_0/include/xscaler.h:571:1: warning: multi-line comment [-Wcomment]
../../standalone_bsp_0/ps7_cortexa9_0/include/xscaler.h:590:1: warning: multi-line comment [-Wcomment]
../../standalone_bsp_0/ps7_cortexa9_0/include/xscaler.h:615:1: warning: multi-line comment [-Wcomment]
../../standalone_bsp_0/ps7_cortexa9_0/include/xscaler.h:643:1: warning: multi-line comment [-Wcomment]
../../standalone_bsp_0/ps7_cortexa9_0/include/xscaler.h:665:1: warning: multi-line comment [-Wcomment]
../../standalone_bsp_0/ps7_cortexa9_0/include/xscaler.h:690:1: warning: multi-line comment [-Wcomment]
../src/camera_app.c: In function 'main':
../src/camera_app.c:34:2: warning: large integer implicitly truncated to unsigned type [-Woverflow]
../src/camera_app.c:41:2: warning: value computed is not used [-Wunused-value]
../src/camera_app.c:55:26: error: expected expression before 'u16'
../src/camera_app.c:55:26: error: too few arguments to function 'XScaler_SetPhaseNum'
In file included from ../src/camera_app.c:21:0:
../../standalone_bsp_0/ps7_cortexa9_0/include/xscaler.h:712:6: note: declared here
../src/camera_app.c:56:26: error: expected expression before 'u16'
../src/camera_app.c:56:26: error: too few arguments to function 'XScaler_GetPhaseNum'
In file included from ../src/camera_app.c:21:0:
../../standalone_bsp_0/ps7_cortexa9_0/include/xscaler.h:714:6: note: declared here
../src/camera_app.c:59:27: error: expected expression before 'XScaler'
../src/camera_app.c:59:27: error: too few arguments to function 'XScaler_SetStartFraction'
In file included from ../src/camera_app.c:21:0:
../../standalone_bsp_0/ps7_cortexa9_0/include/xscaler.h:718:6: note: declared here
../src/camera_app.c:60:27: error: expected expression before 'XScaler'
../src/camera_app.c:60:27: error: too few arguments to function 'XScaler_GetStartFraction'
In file included from ../src/camera_app.c:21:0:
../../standalone_bsp_0/ps7_cortexa9_0/include/xscaler.h:720:6: note: declared here
../src/camera_app.c:64:24: error: expected expression before 'XScaler'
../src/camera_app.c:65:6: error: too few arguments to function 'XScaler_LoadCoeffBank'
In file included from ../src/camera_app.c:21:0:
../../standalone_bsp_0/ps7_cortexa9_0/include/xscaler.h:725:6: note: declared here
../src/camera_app.c:68:28: error: expected expression before 'XScaler'
../src/camera_app.c:70:9: error: too few arguments to function 'XScaler_SetActiveCoeffSet'
In file included from ../src/camera_app.c:21:0:
../../standalone_bsp_0/ps7_cortexa9_0/include/xscaler.h:727:6: note: declared here
../src/camera_app.c:73:28: error: expected expression before 'XScaler'
../src/camera_app.c:75:9: error: too few arguments to function 'XScaler_GetActiveCoeffSet'
In file included from ../src/camera_app.c:21:0:
../../standalone_bsp_0/ps7_cortexa9_0/include/xscaler.h:730:6: note: declared here
../src/camera_app.c:78:34: error: expected expression before 'XScaler'
../src/camera_app.c:81:7: error: too few arguments to function 'XScaler_GetCoeffBankSharingInfo'
In file included from ../src/camera_app.c:21:0:
../../standalone_bsp_0/ps7_cortexa9_0/include/xscaler.h:733:6: note: declared here
../src/camera_app.c:39:23: warning: unused variable 'h' [-Wunused-variable]
In file included from ../src/camera_app.c:20:0:
../src/camera_app.c: In function 'set_aperature':
../src/scaler_config.h:80:1: warning: control reaches end of non-void function [-Wreturn-type]
make: *** [src/camera_app.o] Error 1
22:48:50 **** Auto Build of configuration Debug for project camera_split_app ****
make all 
'Building file: ../src/camera_app.c'
'Invoking: ARM gcc compiler'
arm-xilinx-eabi-gcc -Wall -O0 -g3 -c -fmessage-length=0 -I../../standalone_bsp_0/ps7_cortexa9_0/include -MMD -MP -MF"src/camera_app.d" -MT"src/camera_app.d" -o "src/camera_app.o" "../src/camera_app.c"
In file included from ../src/camera_app.c:20:0:
../src/scaler_config.h: In function 'set_scale_factor':
../src/scaler_config.h:92:20: warning: initialization from incompatible pointer type [enabled by default]
../src/scaler_config.h:96:13: warning: assignment from incompatible pointer type [enabled by default]
In file included from ../src/camera_app.c:21:0:
../../standalone_bsp_0/ps7_cortexa9_0/include/xscaler.h: At top level:
../../standalone_bsp_0/ps7_cortexa9_0/include/xscaler.h:571:1: warning: multi-line comment [-Wcomment]
../../standalone_bsp_0/ps7_cortexa9_0/include/xscaler.h:590:1: warning: multi-line comment [-Wcomment]
../../standalone_bsp_0/ps7_cortexa9_0/include/xscaler.h:615:1: warning: multi-line comment [-Wcomment]
../../standalone_bsp_0/ps7_cortexa9_0/include/xscaler.h:643:1: warning: multi-line comment [-Wcomment]
../../standalone_bsp_0/ps7_cortexa9_0/include/xscaler.h:665:1: warning: multi-line comment [-Wcomment]
../../standalone_bsp_0/ps7_cortexa9_0/include/xscaler.h:690:1: warning: multi-line comment [-Wcomment]
../src/camera_app.c: In function 'main':
../src/camera_app.c:34:2: warning: large integer implicitly truncated to unsigned type [-Woverflow]
../src/camera_app.c:41:2: warning: value computed is not used [-Wunused-value]
../src/camera_app.c:55:26: error: expected expression before 'u16'
../src/camera_app.c:55:26: error: too few arguments to function 'XScaler_SetPhaseNum'
In file included from ../src/camera_app.c:21:0:
../../standalone_bsp_0/ps7_cortexa9_0/include/xscaler.h:712:6: note: declared here
../src/camera_app.c:56:26: error: expected expression before 'u16'
../src/camera_app.c:56:26: error: too few arguments to function 'XScaler_GetPhaseNum'
In file included from ../src/camera_app.c:21:0:
../../standalone_bsp_0/ps7_cortexa9_0/include/xscaler.h:714:6: note: declared here
../src/camera_app.c:59:31: error: expected expression before 'XScalerStartFraction'
../src/camera_app.c:60:31: error: expected expression before 'XScalerStartFraction'
../src/camera_app.c:64:28: error: expected expression before 'XScalerCoeffBank'
../src/camera_app.c:67:28: error: expected expression before 'XScaler'
../src/camera_app.c:67:28: error: too few arguments to function 'XScaler_SetActiveCoeffSet'
In file included from ../src/camera_app.c:21:0:
../../standalone_bsp_0/ps7_cortexa9_0/include/xscaler.h:727:6: note: declared here
../src/camera_app.c:70:28: error: expected expression before 'XScaler'
../src/camera_app.c:70:28: error: too few arguments to function 'XScaler_GetActiveCoeffSet'
In file included from ../src/camera_app.c:21:0:
../../standalone_bsp_0/ps7_cortexa9_0/include/xscaler.h:730:6: note: declared here
../src/camera_app.c:73:34: error: expected expression before 'XScaler'
../src/camera_app.c:76:7: error: too few arguments to function 'XScaler_GetCoeffBankSharingInfo'
In file included from ../src/camera_app.c:21:0:
../../standalone_bsp_0/ps7_cortexa9_0/include/xscaler.h:733:6: note: declared here
../src/camera_app.c:39:23: warning: unused variable 'h' [-Wunused-variable]
In file included from ../src/camera_app.c:20:0:
../src/camera_app.c: In function 'set_aperature':
../src/scaler_config.h:80:1: warning: control reaches end of non-void function [-Wreturn-type]
make: *** [src/camera_app.o] Error 1
22:49:05 **** Auto Build of configuration Debug for project camera_split_app ****
make all 
'Building file: ../src/camera_app.c'
'Invoking: ARM gcc compiler'
arm-xilinx-eabi-gcc -Wall -O0 -g3 -c -fmessage-length=0 -I../../standalone_bsp_0/ps7_cortexa9_0/include -MMD -MP -MF"src/camera_app.d" -MT"src/camera_app.d" -o "src/camera_app.o" "../src/camera_app.c"
In file included from ../src/camera_app.c:20:0:
../src/scaler_config.h: In function 'set_scale_factor':
../src/scaler_config.h:92:20: warning: initialization from incompatible pointer type [enabled by default]
../src/scaler_config.h:96:13: warning: assignment from incompatible pointer type [enabled by default]
In file included from ../src/camera_app.c:21:0:
../../standalone_bsp_0/ps7_cortexa9_0/include/xscaler.h: At top level:
../../standalone_bsp_0/ps7_cortexa9_0/include/xscaler.h:571:1: warning: multi-line comment [-Wcomment]
../../standalone_bsp_0/ps7_cortexa9_0/include/xscaler.h:590:1: warning: multi-line comment [-Wcomment]
../../standalone_bsp_0/ps7_cortexa9_0/include/xscaler.h:615:1: warning: multi-line comment [-Wcomment]
../../standalone_bsp_0/ps7_cortexa9_0/include/xscaler.h:643:1: warning: multi-line comment [-Wcomment]
../../standalone_bsp_0/ps7_cortexa9_0/include/xscaler.h:665:1: warning: multi-line comment [-Wcomment]
../../standalone_bsp_0/ps7_cortexa9_0/include/xscaler.h:690:1: warning: multi-line comment [-Wcomment]
../src/camera_app.c: In function 'main':
../src/camera_app.c:34:2: warning: large integer implicitly truncated to unsigned type [-Woverflow]
../src/camera_app.c:41:2: warning: value computed is not used [-Wunused-value]
../src/camera_app.c:55:26: error: expected expression before 'u16'
../src/camera_app.c:55:26: error: too few arguments to function 'XScaler_SetPhaseNum'
In file included from ../src/camera_app.c:21:0:
../../standalone_bsp_0/ps7_cortexa9_0/include/xscaler.h:712:6: note: declared here
../src/camera_app.c:56:26: error: expected expression before 'u16'
../src/camera_app.c:56:26: error: too few arguments to function 'XScaler_GetPhaseNum'
In file included from ../src/camera_app.c:21:0:
../../standalone_bsp_0/ps7_cortexa9_0/include/xscaler.h:714:6: note: declared here
../src/camera_app.c:59:31: error: expected expression before 'XScalerStartFraction'
../src/camera_app.c:60:31: error: expected expression before 'XScalerStartFraction'
../src/camera_app.c:64:28: error: expected expression before 'XScalerCoeffBank'
../src/camera_app.c:67:32: error: expected expression before 'u8'
../src/camera_app.c:67:32: error: too few arguments to function 'XScaler_SetActiveCoeffSet'
In file included from ../src/camera_app.c:21:0:
../../standalone_bsp_0/ps7_cortexa9_0/include/xscaler.h:727:6: note: declared here
../src/camera_app.c:70:32: error: expected expression before 'u8'
../src/camera_app.c:70:32: error: too few arguments to function 'XScaler_GetActiveCoeffSet'
In file included from ../src/camera_app.c:21:0:
../../standalone_bsp_0/ps7_cortexa9_0/include/xscaler.h:730:6: note: declared here
../src/camera_app.c:73:34: error: expected expression before 'XScaler'
../src/camera_app.c:76:7: error: too few arguments to function 'XScaler_GetCoeffBankSharingInfo'
In file included from ../src/camera_app.c:21:0:
../../standalone_bsp_0/ps7_cortexa9_0/include/xscaler.h:733:6: note: declared here
../src/camera_app.c:39:23: warning: unused variable 'h' [-Wunused-variable]
In file included from ../src/camera_app.c:20:0:
../src/camera_app.c: In function 'set_aperature':
../src/scaler_config.h:80:1: warning: control reaches end of non-void function [-Wreturn-type]
make: *** [src/camera_app.o] Error 1
22:49:34 **** Auto Build of configuration Debug for project camera_split_app ****
make all 
'Building file: ../src/camera_app.c'
'Invoking: ARM gcc compiler'
arm-xilinx-eabi-gcc -Wall -O0 -g3 -c -fmessage-length=0 -I../../standalone_bsp_0/ps7_cortexa9_0/include -MMD -MP -MF"src/camera_app.d" -MT"src/camera_app.d" -o "src/camera_app.o" "../src/camera_app.c"
In file included from ../src/camera_app.c:20:0:
../src/scaler_config.h: In function 'set_scale_factor':
../src/scaler_config.h:92:20: warning: initialization from incompatible pointer type [enabled by default]
../src/scaler_config.h:96:13: warning: assignment from incompatible pointer type [enabled by default]
In file included from ../src/camera_app.c:21:0:
../../standalone_bsp_0/ps7_cortexa9_0/include/xscaler.h: At top level:
../../standalone_bsp_0/ps7_cortexa9_0/include/xscaler.h:571:1: warning: multi-line comment [-Wcomment]
../../standalone_bsp_0/ps7_cortexa9_0/include/xscaler.h:590:1: warning: multi-line comment [-Wcomment]
../../standalone_bsp_0/ps7_cortexa9_0/include/xscaler.h:615:1: warning: multi-line comment [-Wcomment]
../../standalone_bsp_0/ps7_cortexa9_0/include/xscaler.h:643:1: warning: multi-line comment [-Wcomment]
../../standalone_bsp_0/ps7_cortexa9_0/include/xscaler.h:665:1: warning: multi-line comment [-Wcomment]
../../standalone_bsp_0/ps7_cortexa9_0/include/xscaler.h:690:1: warning: multi-line comment [-Wcomment]
../src/camera_app.c: In function 'main':
../src/camera_app.c:34:2: warning: large integer implicitly truncated to unsigned type [-Woverflow]
../src/camera_app.c:41:2: warning: value computed is not used [-Wunused-value]
../src/camera_app.c:55:26: error: expected expression before 'u16'
../src/camera_app.c:55:26: error: too few arguments to function 'XScaler_SetPhaseNum'
In file included from ../src/camera_app.c:21:0:
../../standalone_bsp_0/ps7_cortexa9_0/include/xscaler.h:712:6: note: declared here
../src/camera_app.c:56:26: error: expected expression before 'u16'
../src/camera_app.c:56:26: error: too few arguments to function 'XScaler_GetPhaseNum'
In file included from ../src/camera_app.c:21:0:
../../standalone_bsp_0/ps7_cortexa9_0/include/xscaler.h:714:6: note: declared here
../src/camera_app.c:59:31: error: expected expression before 'XScalerStartFraction'
../src/camera_app.c:60:31: error: expected expression before 'XScalerStartFraction'
../src/camera_app.c:64:28: error: expected expression before 'XScalerCoeffBank'
../src/camera_app.c:67:32: error: expected expression before 'u8'
../src/camera_app.c:67:32: error: too few arguments to function 'XScaler_SetActiveCoeffSet'
In file included from ../src/camera_app.c:21:0:
../../standalone_bsp_0/ps7_cortexa9_0/include/xscaler.h:727:6: note: declared here
../src/camera_app.c:70:32: error: expected expression before 'u8'
../src/camera_app.c:70:32: error: too few arguments to function 'XScaler_GetActiveCoeffSet'
In file included from ../src/camera_app.c:21:0:
../../standalone_bsp_0/ps7_cortexa9_0/include/xscaler.h:730:6: note: declared here
../src/camera_app.c:73:34: error: expected expression before 'XScaler'
../src/camera_app.c:73:34: error: too few arguments to function 'XScaler_GetCoeffBankSharingInfo'
In file included from ../src/camera_app.c:21:0:
../../standalone_bsp_0/ps7_cortexa9_0/include/xscaler.h:733:6: note: declared here
../src/camera_app.c:39:23: warning: unused variable 'h' [-Wunused-variable]
In file included from ../src/camera_app.c:20:0:
../src/camera_app.c: In function 'set_aperature':
../src/scaler_config.h:80:1: warning: control reaches end of non-void function [-Wreturn-type]
make: *** [src/camera_app.o] Error 1
